Archive member included to satisfy reference by file (symbol)

d:/clion_stm32/gcc_arm_none_eabi/gcc-arm-none-eabi-10.3-2021.10/bin/../lib/gcc/arm-none-eabi/10.3.1/thumb/v7-m/nofp\libgcc.a(_arm_muldf3.o)
                              CMakeFiles/mpu6050.elf.dir/Core/MPU6050/MPU6050.c.obj (__aeabi_dmul)
d:/clion_stm32/gcc_arm_none_eabi/gcc-arm-none-eabi-10.3-2021.10/bin/../lib/gcc/arm-none-eabi/10.3.1/thumb/v7-m/nofp\libgcc.a(_arm_mulsf3.o)
                              CMakeFiles/mpu6050.elf.dir/Core/MPU6050/MPU6050.c.obj (__aeabi_fmul)
d:/clion_stm32/gcc_arm_none_eabi/gcc-arm-none-eabi-10.3-2021.10/bin/../lib/gcc/arm-none-eabi/10.3.1/thumb/v7-m/nofp\libgcc.a(_arm_addsubdf3.o)
                              CMakeFiles/mpu6050.elf.dir/Core/MPU6050/MPU6050.c.obj (__aeabi_f2d)
d:/clion_stm32/gcc_arm_none_eabi/gcc-arm-none-eabi-10.3-2021.10/bin/../lib/gcc/arm-none-eabi/10.3.1/thumb/v7-m/nofp\libgcc.a(_arm_truncdfsf2.o)
                              CMakeFiles/mpu6050.elf.dir/Core/MPU6050/MPU6050.c.obj (__aeabi_d2f)
d:/clion_stm32/gcc_arm_none_eabi/gcc-arm-none-eabi-10.3-2021.10/bin/../lib/gcc/arm-none-eabi/10.3.1/thumb/v7-m/nofp\libgcc.a(_arm_addsubsf3.o)
                              CMakeFiles/mpu6050.elf.dir/Core/MPU6050/MPU6050.c.obj (__aeabi_fsub)
d:/clion_stm32/gcc_arm_none_eabi/gcc-arm-none-eabi-10.3-2021.10/bin/../lib/gcc/arm-none-eabi/10.3.1/thumb/v7-m/nofp\libgcc.a(_arm_muldivsf3.o)
                              CMakeFiles/mpu6050.elf.dir/Core/MPU6050/inv_mpu.c.obj (__aeabi_fdiv)
d:/clion_stm32/gcc_arm_none_eabi/gcc-arm-none-eabi-10.3-2021.10/bin/../lib/gcc/arm-none-eabi/10.3.1/thumb/v7-m/nofp\libgcc.a(_arm_cmpsf2.o)
                              CMakeFiles/mpu6050.elf.dir/Core/MPU6050/inv_mpu.c.obj (__aeabi_fcmpeq)
d:/clion_stm32/gcc_arm_none_eabi/gcc-arm-none-eabi-10.3-2021.10/bin/../lib/gcc/arm-none-eabi/10.3.1/thumb/v7-m/nofp\libgcc.a(_arm_fixsfsi.o)
                              CMakeFiles/mpu6050.elf.dir/Core/MPU6050/MPU6050.c.obj (__aeabi_f2iz)
d:/clion_stm32/gcc_arm_none_eabi/gcc-arm-none-eabi-10.3-2021.10/bin/../lib/gcc/arm-none-eabi/10.3.1/thumb/v7-m/nofp\libgcc.a(_arm_fixunssfsi.o)
                              CMakeFiles/mpu6050.elf.dir/Core/MPU6050/inv_mpu_dmp_motion_driver.c.obj (__aeabi_f2uiz)
d:/clion_stm32/gcc_arm_none_eabi/gcc-arm-none-eabi-10.3-2021.10/bin/../lib/gcc/arm-none-eabi/10.3.1/thumb/v7-m/nofp\libgcc.a(_aeabi_ldivmod.o)
                              CMakeFiles/mpu6050.elf.dir/Core/MPU6050/inv_mpu.c.obj (__aeabi_ldivmod)
d:/clion_stm32/gcc_arm_none_eabi/gcc-arm-none-eabi-10.3-2021.10/bin/../lib/gcc/arm-none-eabi/10.3.1/thumb/v7-m/nofp\libgcc.a(_udivmoddi4.o)
                              d:/clion_stm32/gcc_arm_none_eabi/gcc-arm-none-eabi-10.3-2021.10/bin/../lib/gcc/arm-none-eabi/10.3.1/thumb/v7-m/nofp\libgcc.a(_aeabi_ldivmod.o) (__udivmoddi4)
d:/clion_stm32/gcc_arm_none_eabi/gcc-arm-none-eabi-10.3-2021.10/bin/../lib/gcc/arm-none-eabi/10.3.1/thumb/v7-m/nofp\libgcc.a(_dvmd_tls.o)
                              d:/clion_stm32/gcc_arm_none_eabi/gcc-arm-none-eabi-10.3-2021.10/bin/../lib/gcc/arm-none-eabi/10.3.1/thumb/v7-m/nofp\libgcc.a(_aeabi_ldivmod.o) (__aeabi_ldiv0)
d:/clion_stm32/gcc_arm_none_eabi/gcc-arm-none-eabi-10.3-2021.10/bin/../lib/gcc/arm-none-eabi/10.3.1/../../../../arm-none-eabi/lib/thumb/v7-m/nofp\libg.a(lib_a-errno.o)
                              CMakeFiles/mpu6050.elf.dir/Core/Src/syscalls.c.obj (__errno)
d:/clion_stm32/gcc_arm_none_eabi/gcc-arm-none-eabi-10.3-2021.10/bin/../lib/gcc/arm-none-eabi/10.3.1/../../../../arm-none-eabi/lib/thumb/v7-m/nofp\libg.a(lib_a-exit.o)
                              d:/clion_stm32/gcc_arm_none_eabi/gcc-arm-none-eabi-10.3-2021.10/bin/../lib/gcc/arm-none-eabi/10.3.1/../../../../arm-none-eabi/lib/thumb/v7-m/nofp/crt0.o (exit)
d:/clion_stm32/gcc_arm_none_eabi/gcc-arm-none-eabi-10.3-2021.10/bin/../lib/gcc/arm-none-eabi/10.3.1/../../../../arm-none-eabi/lib/thumb/v7-m/nofp\libg.a(lib_a-impure.o)
                              d:/clion_stm32/gcc_arm_none_eabi/gcc-arm-none-eabi-10.3-2021.10/bin/../lib/gcc/arm-none-eabi/10.3.1/../../../../arm-none-eabi/lib/thumb/v7-m/nofp\libg.a(lib_a-exit.o) (_global_impure_ptr)
d:/clion_stm32/gcc_arm_none_eabi/gcc-arm-none-eabi-10.3-2021.10/bin/../lib/gcc/arm-none-eabi/10.3.1/../../../../arm-none-eabi/lib/thumb/v7-m/nofp\libg.a(lib_a-init.o)
                              d:/clion_stm32/gcc_arm_none_eabi/gcc-arm-none-eabi-10.3-2021.10/bin/../lib/gcc/arm-none-eabi/10.3.1/../../../../arm-none-eabi/lib/thumb/v7-m/nofp/crt0.o (__libc_init_array)
d:/clion_stm32/gcc_arm_none_eabi/gcc-arm-none-eabi-10.3-2021.10/bin/../lib/gcc/arm-none-eabi/10.3.1/../../../../arm-none-eabi/lib/thumb/v7-m/nofp\libg.a(lib_a-memcmp.o)
                              CMakeFiles/mpu6050.elf.dir/Core/MPU6050/inv_mpu.c.obj (memcmp)
d:/clion_stm32/gcc_arm_none_eabi/gcc-arm-none-eabi-10.3-2021.10/bin/../lib/gcc/arm-none-eabi/10.3.1/../../../../arm-none-eabi/lib/thumb/v7-m/nofp\libg.a(lib_a-memset.o)
[...]
Memory Configuration

Name             Origin             Length             Attributes
RAM              0x20000000         0x0000c000         xrw
FLASH            0x08000000         0x00040000         xr
*default*        0x00000000         0xffffffff

Linker script and memory map

LOAD d:/clion_stm32/gcc_arm_none_eabi/gcc-arm-none-eabi-10.3-2021.10/bin/../lib/gcc/arm-none-eabi/10.3.1/thumb/v7-m/nofp/crti.o
LOAD d:/clion_stm32/gcc_arm_none_eabi/gcc-arm-none-eabi-10.3-2021.10/bin/../lib/gcc/arm-none-eabi/10.3.1/thumb/v7-m/nofp/crtbegin.o
LOAD d:/clion_stm32/gcc_arm_none_eabi/gcc-arm-none-eabi-10.3-2021.10/bin/../lib/gcc/arm-none-eabi/10.3.1/../../../../arm-none-eabi/lib/thumb/v7-m/nofp/crt0.o
LOAD CMakeFiles/mpu6050.elf.dir/Core/MPU6050/MPU6050.c.obj
LOAD CMakeFiles/mpu6050.elf.dir/Core/MPU6050/inv_mpu.c.obj
LOAD CMakeFiles/mpu6050.elf.dir/Core/MPU6050/inv_mpu_dmp_motion_driver.c.obj
LOAD CMakeFiles/mpu6050.elf.dir/Core/Own/IT.c.obj
LOAD CMakeFiles/mpu6050.elf.dir/Core/Own/main.c.obj
LOAD CMakeFiles/mpu6050.elf.dir/Core/Own/uart.c.obj
LOAD CMakeFiles/mpu6050.elf.dir/Core/Src/dma.c.obj
LOAD CMakeFiles/mpu6050.elf.dir/Core/Src/gpio.c.obj
LOAD CMakeFiles/mpu6050.elf.dir/Core/Src/i2c.c.obj
LOAD CMakeFiles/mpu6050.elf.dir/Core/Src/stm32f1xx_hal_msp.c.obj
LOAD CMakeFiles/mpu6050.elf.dir/Core/Src/stm32f1xx_it.c.obj
LOAD CMakeFiles/mpu6050.elf.dir/Core/Src/syscalls.c.obj
LOAD CMakeFiles/mpu6050.elf.dir/Core/Src/sysmem.c.obj
LOAD CMakeFiles/mpu6050.elf.dir/Core/Src/system_stm32f1xx.c.obj
LOAD CMakeFiles/mpu6050.elf.dir/Core/Src/usart.c.obj
LOAD CMakeFiles/mpu6050.elf.dir/Core/Startup/startup_stm32f103rctx.s.obj
LOAD CMakeFiles/mpu6050.elf.dir/Drivers/STM32F1xx_HAL_Driver/Src/stm32f1xx_hal.c.obj
LOAD CMakeFiles/mpu6050.elf.dir/Drivers/STM32F1xx_HAL_Driver/Src/stm32f1xx_hal_cortex.c.obj
LOAD CMakeFiles/mpu6050.elf.dir/Drivers/STM32F1xx_HAL_Driver/Src/stm32f1xx_hal_dma.c.obj
LOAD CMakeFiles/mpu6050.elf.dir/Drivers/STM32F1xx_HAL_Driver/Src/stm32f1xx_hal_exti.c.obj
LOAD CMakeFiles/mpu6050.elf.dir/Drivers/STM32F1xx_HAL_Driver/Src/stm32f1xx_hal_flash.c.obj
LOAD CMakeFiles/mpu6050.elf.dir/Drivers/STM32F1xx_HAL_Driver/Src/stm32f1xx_hal_flash_ex.c.obj
LOAD CMakeFiles/mpu6050.elf.dir/Drivers/STM32F1xx_HAL_Driver/Src/stm32f1xx_hal_gpio.c.obj
LOAD CMakeFiles/mpu6050.elf.dir/Drivers/STM32F1xx_HAL_Driver/Src/stm32f1xx_hal_gpio_ex.c.obj
LOAD CMakeFiles/mpu6050.elf.dir/Drivers/STM32F1xx_HAL_Driver/Src/stm32f1xx_hal_i2c.c.obj
LOAD CMakeFiles/mpu6050.elf.dir/Drivers/STM32F1xx_HAL_Driver/Src/stm32f1xx_hal_pwr.c.obj
LOAD CMakeFiles/mpu6050.elf.dir/Drivers/STM32F1xx_HAL_Driver/Src/stm32f1xx_hal_rcc.c.obj
LOAD CMakeFiles/mpu6050.elf.dir/Drivers/STM32F1xx_HAL_Driver/Src/stm32f1xx_hal_rcc_ex.c.obj
LOAD CMakeFiles/mpu6050.elf.dir/Drivers/STM32F1xx_HAL_Driver/Src/stm32f1xx_hal_tim.c.obj
LOAD CMakeFiles/mpu6050.elf.dir/Drivers/STM32F1xx_HAL_Driver/Src/stm32f1xx_hal_tim_ex.c.obj
LOAD CMakeFiles/mpu6050.elf.dir/Drivers/STM32F1xx_HAL_Driver/Src/stm32f1xx_hal_uart.c.obj
START GROUP
LOAD d:/clion_stm32/gcc_arm_none_eabi/gcc-arm-none-eabi-10.3-2021.10/bin/../lib/gcc/arm-none-eabi/10.3.1/thumb/v7-m/nofp\libgcc.a
LOAD d:/clion_stm32/gcc_arm_none_eabi/gcc-arm-none-eabi-10.3-2021.10/bin/../lib/gcc/arm-none-eabi/10.3.1/../../../../arm-none-eabi/lib/thumb/v7-m/nofp\libg.a
LOAD d:/clion_stm32/gcc_arm_none_eabi/gcc-arm-none-eabi-10.3-2021.10/bin/../lib/gcc/arm-none-eabi/10.3.1/../../../../arm-none-eabi/lib/thumb/v7-m/nofp\libc.a
END GROUP
LOAD d:/clion_stm32/gcc_arm_none_eabi/gcc-arm-none-eabi-10.3-2021.10/bin/../lib/gcc/arm-none-eabi/10.3.1/thumb/v7-m/nofp/crtend.o
LOAD d:/clion_stm32/gcc_arm_none_eabi/gcc-arm-none-eabi-10.3-2021.10/bin/../lib/gcc/arm-none-eabi/10.3.1/thumb/v7-m/nofp/crtn.o
                0x2000c000                _estack = (ORIGIN (RAM) + LENGTH (RAM))
                0x00000200                _Min_Heap_Size = 0x200
                0x00000400                _Min_Stack_Size = 0x400

.isr_vector     0x08000000      0x1e4
                0x08000000                . = ALIGN (0x4)
 *(.isr_vector)
 .isr_vector    0x08000000      0x1e4 CMakeFiles/mpu6050.elf.dir/Core/Startup/startup_stm32f103rctx.s.obj
                0x08000000                g_pfnVectors
                0x080001e4                . = ALIGN (0x4)

.text           0x080001e8     0xed10
                0x080001e8                . = ALIGN (0x4)
 *(.text)
 .text          0x080001e8       0x40 d:/clion_stm32/gcc_arm_none_eabi/gcc-arm-none-eabi-10.3-2021.10/bin/../lib/gcc/arm-none-eabi/10.3.1/thumb/v7-m/nofp/crtbegin.o
 .text          0x08000228      0x378 d:/clion_stm32/gcc_arm_none_eabi/gcc-arm-none-eabi-10.3-2021.10/bin/../lib/gcc/arm-none-eabi/10.3.1/thumb/v7-m/nofp\libgcc.a(_arm_addsubdf3.o)
                0x08000228                __aeabi_drsub
                0x08000230                __aeabi_dsub
                0x08000230                __subdf3
                0x08000234                __aeabi_dadd
                0x08000234                __adddf3
                0x080004ac                __floatunsidf
                0x080004ac                __aeabi_ui2d
                0x080004cc                __floatsidf
                0x080004cc                __aeabi_i2d
                0x080004f0                __aeabi_f2d
                0x080004f0                __extendsfdf2
                0x08000534                __floatundidf
                0x08000534                __aeabi_ul2d
                0x08000544                __floatdidf
                0x08000544                __aeabi_l2d
 .text          0x080005a0       0xa0 d:/clion_stm32/gcc_arm_none_eabi/gcc-arm-none-eabi-10.3-2021.10/bin/../lib/gcc/arm-none-eabi/10.3.1/thumb/v7-m/nofp\libgcc.a(_arm_truncdfsf2.o)
                0x080005a0                __truncdfsf2
                0x080005a0                __aeabi_d2f
 .text          0x08000640      0x21c d:/clion_stm32/gcc_arm_none_eabi/gcc-arm-none-eabi-10.3-2021.10/bin/../lib/gcc/arm-none-eabi/10.3.1/thumb/v7-m/nofp\libgcc.a(_arm_addsubsf3.o)
                0x08000640                __aeabi_frsub
                0x08000648                __subsf3
                0x08000648                __aeabi_fsub
                0x0800064c                __aeabi_fadd
                0x0800064c                __addsf3
                0x080007ac                __aeabi_ui2f
                0x080007ac                __floatunsisf
                0x080007b4                __aeabi_i2f
                0x080007b4                __floatsisf
                0x080007d0                __aeabi_ul2f
                0x080007d0                __floatundisf
                0x080007e0                __aeabi_l2f
                0x080007e0                __floatdisf
 .text          0x0800085c      0x2a0 d:/clion_stm32/gcc_arm_none_eabi/gcc-arm-none-eabi-10.3-2021.10/bin/../lib/gcc/arm-none-eabi/10.3.1/thumb/v7-m/nofp\libgcc.a(_arm_muldivsf3.o)
                0x0800085c                __mulsf3
                0x0800085c                __aeabi_fmul
                0x080009c4                __aeabi_fdiv
                0x080009c4                __divsf3
 .text          0x08000afc       0xec d:/clion_stm32/gcc_arm_none_eabi/gcc-arm-none-eabi-10.3-2021.10/bin/../lib/gcc/arm-none-eabi/10.3.1/thumb/v7-m/nofp\libgcc.a(_arm_cmpsf2.o)
                0x08000afc                __gesf2
                0x08000afc                __gtsf2
                0x08000b04                __lesf2
                0x08000b04                __ltsf2
                0x08000b0c                __nesf2
                0x08000b0c                __eqsf2
                0x08000b0c                __cmpsf2
                0x08000b6c                __aeabi_cfrcmple
                0x08000b74                __aeabi_cfcmpeq
                0x08000b74                __aeabi_cfcmple
                0x08000b84                __aeabi_fcmpeq
                0x08000b98                __aeabi_fcmplt
                0x08000bac                __aeabi_fcmple
                0x08000bc0                __aeabi_fcmpge
                0x08000bd4                __aeabi_fcmpgt
 .text          0x08000be8       0x4c d:/clion_stm32/gcc_arm_none_eabi/gcc-arm-none-eabi-10.3-2021.10/bin/../lib/gcc/arm-none-eabi/10.3.1/thumb/v7-m/nofp\libgcc.a(_arm_fixsfsi.o)
                0x08000be8                __aeabi_f2iz
                0x08000be8                __fixsfsi
 .text          0x08000c34       0x40 d:/clion_stm32/gcc_arm_none_eabi/gcc-arm-none-eabi-10.3-2021.10/bin/../lib/gcc/arm-none-eabi/10.3.1/thumb/v7-m/nofp\libgcc.a(_arm_fixunssfsi.o)
                0x08000c34                __fixunssfsi
                0x08000c34                __aeabi_f2uiz
 .text          0x08000c74       0xa0 d:/clion_stm32/gcc_arm_none_eabi/gcc-arm-none-eabi-10.3-2021.10/bin/../lib/gcc/arm-none-eabi/10.3.1/thumb/v7-m/nofp\libgcc.a(_aeabi_ldivmod.o)
                0x08000c74                __aeabi_ldivmod
 .text          0x08000d14      0x2d4 d:/clion_stm32/gcc_arm_none_eabi/gcc-arm-none-eabi-10.3-2021.10/bin/../lib/gcc/arm-none-eabi/10.3.1/thumb/v7-m/nofp\libgcc.a(_udivmoddi4.o)
                0x08000d14                __udivmoddi4
 .text          0x08000fe8        0x4 d:/clion_stm32/gcc_arm_none_eabi/gcc-arm-none-eabi-10.3-2021.10/bin/../lib/gcc/arm-none-eabi/10.3.1/thumb/v7-m/nofp\libgcc.a(_dvmd_tls.o)
                0x08000fe8                __aeabi_idiv0
                0x08000fe8                __aeabi_ldiv0
 .text          0x08000fec       0xec d:/clion_stm32/gcc_arm_none_eabi/gcc-arm-none-eabi-10.3-2021.10/bin/../lib/gcc/arm-none-eabi/10.3.1/../../../../arm-none-eabi/lib/thumb/v7-m/nofp\libg.a(lib_a-memcpy.o)
                0x08000fec                memcpy
 .text          0x080010d8      0x424 d:/clion_stm32/gcc_arm_none_eabi/gcc-arm-none-eabi-10.3-2021.10/bin/../lib/gcc/arm-none-eabi/10.3.1/thumb/v7-m/nofp\libgcc.a(_arm_muldivdf3.o)
                0x080010d8                __aeabi_dmul
                0x080010d8                __muldf3
                0x0800132c                __divdf3
                0x0800132c                __aeabi_ddiv
 .text          0x080014fc      0x110 d:/clion_stm32/gcc_arm_none_eabi/gcc-arm-none-eabi-10.3-2021.10/bin/../lib/gcc/arm-none-eabi/10.3.1/thumb/v7-m/nofp\libgcc.a(_arm_cmpdf2.o)
                0x080014fc                __gtdf2
                0x080014fc                __gedf2
                0x08001504                __ltdf2
                0x08001504                __ledf2
                0x0800150c                __nedf2
                0x0800150c                __eqdf2
                0x0800150c                __cmpdf2
                0x08001588                __aeabi_cdrcmple
                0x08001598                __aeabi_cdcmpeq
                0x08001598                __aeabi_cdcmple
                0x080015a8                __aeabi_dcmpeq
                0x080015bc                __aeabi_dcmplt
                0x080015d0                __aeabi_dcmple
                0x080015e4                __aeabi_dcmpge
                0x080015f8                __aeabi_dcmpgt
 .text          0x0800160c       0x2c d:/clion_stm32/gcc_arm_none_eabi/gcc-arm-none-eabi-10.3-2021.10/bin/../lib/gcc/arm-none-eabi/10.3.1/thumb/v7-m/nofp\libgcc.a(_arm_unorddf2.o)
                0x0800160c                __unorddf2
                0x0800160c                __aeabi_dcmpun
 .text          0x08001638       0x50 d:/clion_stm32/gcc_arm_none_eabi/gcc-arm-none-eabi-10.3-2021.10/bin/../lib/gcc/arm-none-eabi/10.3.1/thumb/v7-m/nofp\libgcc.a(_arm_fixdfsi.o)
                0x08001638                __aeabi_d2iz
                0x08001638                __fixdfsi
 .text          0x08001688       0x30 d:/clion_stm32/gcc_arm_none_eabi/gcc-arm-none-eabi-10.3-2021.10/bin/../lib/gcc/arm-none-eabi/10.3.1/thumb/v7-m/nofp\libgcc.a(_aeabi_uldivmod.o)
                0x08001688                __aeabi_uldivmod
 *(.text*)
 .text.inv_row_2_scale
                0x080016b8       0x3a CMakeFiles/mpu6050.elf.dir/Core/MPU6050/MPU6050.c.obj
 .text.inv_orientation_matrix_to_scalar
                0x080016f2       0x24 CMakeFiles/mpu6050.elf.dir/Core/MPU6050/MPU6050.c.obj
 .text.run_self_test
                0x08001716       0x8a CMakeFiles/mpu6050.elf.dir/Core/MPU6050/MPU6050.c.obj
 .text.MPU6050_DMP_Init
                0x080017a0       0x9c CMakeFiles/mpu6050.elf.dir/Core/MPU6050/MPU6050.c.obj
                0x080017a0                MPU6050_DMP_Init
 *fill*         0x0800183c        0x4 
 .text.MPU6050_DMP_Get_Data
                0x08001840      0x1d8 CMakeFiles/mpu6050.elf.dir/Core/MPU6050/MPU6050.c.obj
                0x08001840                MPU6050_DMP_Get_Data
 .text.get_accel_prod_shift
                0x08001a18       0xd4 CMakeFiles/mpu6050.elf.dir/Core/MPU6050/inv_mpu.c.obj
 .text.accel_self_test
                0x08001aec       0xa8 CMakeFiles/mpu6050.elf.dir/Core/MPU6050/inv_mpu.c.obj
 .text.gyro_self_test
                0x08001b94      0x114 CMakeFiles/mpu6050.elf.dir/Core/MPU6050/inv_mpu.c.obj
 .text.set_int_enable
                0x08001ca8       0xb4 CMakeFiles/mpu6050.elf.dir/Core/MPU6050/inv_mpu.c.obj
 .text.get_st_biases
                0x08001d5c      0x4f8 CMakeFiles/mpu6050.elf.dir/Core/MPU6050/inv_mpu.c.obj
 .text.mpu_reset_fifo
                0x08002254      0x28c CMakeFiles/mpu6050.elf.dir/Core/MPU6050/inv_mpu.c.obj
                0x08002254                mpu_reset_fifo
 .text.mpu_get_gyro_fsr
                0x080024e0       0x3c CMakeFiles/mpu6050.elf.dir/Core/MPU6050/inv_mpu.c.obj
                0x080024e0                mpu_get_gyro_fsr
 .text.mpu_set_gyro_fsr
                0x0800251c       0xa8 CMakeFiles/mpu6050.elf.dir/Core/MPU6050/inv_mpu.c.obj
                0x0800251c                mpu_set_gyro_fsr
 .text.mpu_get_accel_fsr
                0x080025c4       0x44 CMakeFiles/mpu6050.elf.dir/Core/MPU6050/inv_mpu.c.obj
                0x080025c4                mpu_get_accel_fsr
 .text.mpu_set_accel_fsr
                0x08002608       0xa4 CMakeFiles/mpu6050.elf.dir/Core/MPU6050/inv_mpu.c.obj
                0x08002608                mpu_set_accel_fsr
 .text.mpu_get_lpf
                0x080026ac       0x44 CMakeFiles/mpu6050.elf.dir/Core/MPU6050/inv_mpu.c.obj
                0x080026ac                mpu_get_lpf
 .text.mpu_set_lpf
                0x080026f0       0xa4 CMakeFiles/mpu6050.elf.dir/Core/MPU6050/inv_mpu.c.obj
                0x080026f0                mpu_set_lpf
 .text.mpu_get_sample_rate
                0x08002794       0x1c CMakeFiles/mpu6050.elf.dir/Core/MPU6050/inv_mpu.c.obj
                0x08002794                mpu_get_sample_rate
 .text.mpu_get_gyro_sens
                0x080027b0       0x4c CMakeFiles/mpu6050.elf.dir/Core/MPU6050/inv_mpu.c.obj
                0x080027b0                mpu_get_gyro_sens
 .text.mpu_get_accel_sens
                0x080027fc       0x4c CMakeFiles/mpu6050.elf.dir/Core/MPU6050/inv_mpu.c.obj
                0x080027fc                mpu_get_accel_sens
 .text.mpu_get_fifo_config
                0x08002848       0x10 CMakeFiles/mpu6050.elf.dir/Core/MPU6050/inv_mpu.c.obj
                0x08002848                mpu_get_fifo_config
 .text.mpu_configure_fifo
                0x08002858       0x64 CMakeFiles/mpu6050.elf.dir/Core/MPU6050/inv_mpu.c.obj
                0x08002858                mpu_configure_fifo
 .text.mpu_read_fifo_stream
                0x080028bc       0xe8 CMakeFiles/mpu6050.elf.dir/Core/MPU6050/inv_mpu.c.obj
                0x080028bc                mpu_read_fifo_stream
 .text.mpu_set_bypass
                0x080029a4      0x1b8 CMakeFiles/mpu6050.elf.dir/Core/MPU6050/inv_mpu.c.obj
                0x080029a4                mpu_set_bypass
 .text.mpu_set_int_latched
                0x08002b5c       0x84 CMakeFiles/mpu6050.elf.dir/Core/MPU6050/inv_mpu.c.obj
                0x08002b5c                mpu_set_int_latched
 .text.mpu_lp_accel_mode
                0x08002be0       0xfc CMakeFiles/mpu6050.elf.dir/Core/MPU6050/inv_mpu.c.obj
                0x08002be0                mpu_lp_accel_mode
 .text.mpu_set_sample_rate
                0x08002cdc       0xb0 CMakeFiles/mpu6050.elf.dir/Core/MPU6050/inv_mpu.c.obj
                0x08002cdc                mpu_set_sample_rate
 .text.mpu_set_sensors
                0x08002d8c      0x100 CMakeFiles/mpu6050.elf.dir/Core/MPU6050/inv_mpu.c.obj
                0x08002d8c                mpu_set_sensors
 .text.mpu_init
                0x08002e8c      0x1d0 CMakeFiles/mpu6050.elf.dir/Core/MPU6050/inv_mpu.c.obj
                0x08002e8c                mpu_init
 .text.mpu_write_mem
                0x0800305c       0x94 CMakeFiles/mpu6050.elf.dir/Core/MPU6050/inv_mpu.c.obj
                0x0800305c                mpu_write_mem
 .text.mpu_read_mem
                0x080030f0       0x94 CMakeFiles/mpu6050.elf.dir/Core/MPU6050/inv_mpu.c.obj
                0x080030f0                mpu_read_mem
 .text.mpu_load_firmware
                0x08003184       0xc8 CMakeFiles/mpu6050.elf.dir/Core/MPU6050/inv_mpu.c.obj
                0x08003184                mpu_load_firmware
 .text.mpu_set_dmp_state
                0x0800324c       0xb0 CMakeFiles/mpu6050.elf.dir/Core/MPU6050/inv_mpu.c.obj
                0x0800324c                mpu_set_dmp_state
 .text.mpu_run_self_test
                0x080032fc      0x104 CMakeFiles/mpu6050.elf.dir/Core/MPU6050/inv_mpu.c.obj
                0x080032fc                mpu_run_self_test
 .text.decode_gesture
                0x08003400       0x3c CMakeFiles/mpu6050.elf.dir/Core/MPU6050/inv_mpu_dmp_motion_driver.c.obj
 .text.dmp_load_motion_driver_firmware
                0x0800343c       0x18 CMakeFiles/mpu6050.elf.dir/Core/MPU6050/inv_mpu_dmp_motion_driver.c.obj
                0x0800343c                dmp_load_motion_driver_firmware
 .text.dmp_set_orientation
                0x08003454      0x14c CMakeFiles/mpu6050.elf.dir/Core/MPU6050/inv_mpu_dmp_motion_driver.c.obj
                0x08003454                dmp_set_orientation
 .text.dmp_set_gyro_bias
                0x080035a0      0x110 CMakeFiles/mpu6050.elf.dir/Core/MPU6050/inv_mpu_dmp_motion_driver.c.obj
                0x080035a0                dmp_set_gyro_bias
 .text.dmp_set_accel_bias
                0x080036b0       0xf8 CMakeFiles/mpu6050.elf.dir/Core/MPU6050/inv_mpu_dmp_motion_driver.c.obj
                0x080036b0                dmp_set_accel_bias
 .text.dmp_set_fifo_rate
                0x080037a8       0x68 CMakeFiles/mpu6050.elf.dir/Core/MPU6050/inv_mpu_dmp_motion_driver.c.obj
                0x080037a8                dmp_set_fifo_rate
 .text.dmp_set_tap_thresh
                0x08003810      0x1a0 CMakeFiles/mpu6050.elf.dir/Core/MPU6050/inv_mpu_dmp_motion_driver.c.obj
                0x08003810                dmp_set_tap_thresh
 .text.dmp_set_tap_axes
                0x080039b0       0x4e CMakeFiles/mpu6050.elf.dir/Core/MPU6050/inv_mpu_dmp_motion_driver.c.obj
                0x080039b0                dmp_set_tap_axes
 .text.dmp_set_tap_count
                0x080039fe       0x2c CMakeFiles/mpu6050.elf.dir/Core/MPU6050/inv_mpu_dmp_motion_driver.c.obj
                0x080039fe                dmp_set_tap_count
 *fill*         0x08003a2a        0x2 
 .text.dmp_set_tap_time
                0x08003a2c       0x30 CMakeFiles/mpu6050.elf.dir/Core/MPU6050/inv_mpu_dmp_motion_driver.c.obj
                0x08003a2c                dmp_set_tap_time
 .text.dmp_set_tap_time_multi
                0x08003a5c       0x30 CMakeFiles/mpu6050.elf.dir/Core/MPU6050/inv_mpu_dmp_motion_driver.c.obj
                0x08003a5c                dmp_set_tap_time_multi
 .text.dmp_set_shake_reject_thresh
                0x08003a8c       0x44 CMakeFiles/mpu6050.elf.dir/Core/MPU6050/inv_mpu_dmp_motion_driver.c.obj
                0x08003a8c                dmp_set_shake_reject_thresh
 .text.dmp_set_shake_reject_time
                0x08003ad0       0x2c CMakeFiles/mpu6050.elf.dir/Core/MPU6050/inv_mpu_dmp_motion_driver.c.obj
                0x08003ad0                dmp_set_shake_reject_time
 .text.dmp_set_shake_reject_timeout
                0x08003afc       0x2c CMakeFiles/mpu6050.elf.dir/Core/MPU6050/inv_mpu_dmp_motion_driver.c.obj
                0x08003afc                dmp_set_shake_reject_timeout
 .text.dmp_enable_gyro_cal
                0x08003b28       0x44 CMakeFiles/mpu6050.elf.dir/Core/MPU6050/inv_mpu_dmp_motion_driver.c.obj
                0x08003b28                dmp_enable_gyro_cal
 .text.dmp_enable_lp_quat
                0x08003b6c       0x3c CMakeFiles/mpu6050.elf.dir/Core/MPU6050/inv_mpu_dmp_motion_driver.c.obj
                0x08003b6c                dmp_enable_lp_quat
 .text.dmp_enable_6x_lp_quat
                0x08003ba8       0x3c CMakeFiles/mpu6050.elf.dir/Core/MPU6050/inv_mpu_dmp_motion_driver.c.obj
                0x08003ba8                dmp_enable_6x_lp_quat
 .text.dmp_enable_feature
                0x08003be4      0x218 CMakeFiles/mpu6050.elf.dir/Core/MPU6050/inv_mpu_dmp_motion_driver.c.obj
                0x08003be4                dmp_enable_feature
 .text.dmp_read_fifo
                0x08003dfc      0x1f4 CMakeFiles/mpu6050.elf.dir/Core/MPU6050/inv_mpu_dmp_motion_driver.c.obj
                0x08003dfc                dmp_read_fifo
 .text.Error_Handler
                0x08003ff0        0x4 CMakeFiles/mpu6050.elf.dir/Core/Own/main.c.obj
                0x08003ff0                Error_Handler
 .text.SystemClock_Config
                0x08003ff4       0x64 CMakeFiles/mpu6050.elf.dir/Core/Own/main.c.obj
                0x08003ff4                SystemClock_Config
 .text.main     0x08004058       0xa4 CMakeFiles/mpu6050.elf.dir/Core/Own/main.c.obj
                0x08004058                main
 .text.print    0x080040fc       0x42 CMakeFiles/mpu6050.elf.dir/Core/Own/uart.c.obj
                0x080040fc                print
 *fill*         0x0800413e        0x2 
 .text.MX_DMA_Init
                0x08004140       0x44 CMakeFiles/mpu6050.elf.dir/Core/Src/dma.c.obj
                0x08004140                MX_DMA_Init
 .text.MX_GPIO_Init
                0x08004184       0x44 CMakeFiles/mpu6050.elf.dir/Core/Src/gpio.c.obj
                0x08004184                MX_GPIO_Init
 .text.MX_I2C1_Init
                0x080041c8       0x3c CMakeFiles/mpu6050.elf.dir/Core/Src/i2c.c.obj
                0x080041c8                MX_I2C1_Init
 .text.HAL_I2C_MspInit
                0x08004204       0x64 CMakeFiles/mpu6050.elf.dir/Core/Src/i2c.c.obj
                0x08004204                HAL_I2C_MspInit
 .text.HAL_MspInit
                0x08004268       0x44 CMakeFiles/mpu6050.elf.dir/Core/Src/stm32f1xx_hal_msp.c.obj
                0x08004268                HAL_MspInit
 .text.NMI_Handler
                0x080042ac        0x2 CMakeFiles/mpu6050.elf.dir/Core/Src/stm32f1xx_it.c.obj
                0x080042ac                NMI_Handler
 .text.HardFault_Handler
                0x080042ae        0x2 CMakeFiles/mpu6050.elf.dir/Core/Src/stm32f1xx_it.c.obj
                0x080042ae                HardFault_Handler
 .text.MemManage_Handler
                0x080042b0        0x2 CMakeFiles/mpu6050.elf.dir/Core/Src/stm32f1xx_it.c.obj
                0x080042b0                MemManage_Handler
 .text.BusFault_Handler
                0x080042b2        0x2 CMakeFiles/mpu6050.elf.dir/Core/Src/stm32f1xx_it.c.obj
                0x080042b2                BusFault_Handler
 .text.UsageFault_Handler
                0x080042b4        0x2 CMakeFiles/mpu6050.elf.dir/Core/Src/stm32f1xx_it.c.obj
                0x080042b4                UsageFault_Handler
 .text.SVC_Handler
                0x080042b6        0x2 CMakeFiles/mpu6050.elf.dir/Core/Src/stm32f1xx_it.c.obj
                0x080042b6                SVC_Handler
 .text.DebugMon_Handler
                0x080042b8        0x2 CMakeFiles/mpu6050.elf.dir/Core/Src/stm32f1xx_it.c.obj
                0x080042b8                DebugMon_Handler
 .text.PendSV_Handler
                0x080042ba        0x2 CMakeFiles/mpu6050.elf.dir/Core/Src/stm32f1xx_it.c.obj
                0x080042ba                PendSV_Handler
 .text.SysTick_Handler
                0x080042bc        0x8 CMakeFiles/mpu6050.elf.dir/Core/Src/stm32f1xx_it.c.obj
                0x080042bc                SysTick_Handler
 .text.DMA1_Channel4_IRQHandler
                0x080042c4       0x10 CMakeFiles/mpu6050.elf.dir/Core/Src/stm32f1xx_it.c.obj
                0x080042c4                DMA1_Channel4_IRQHandler
 .text.DMA1_Channel5_IRQHandler
                0x080042d4       0x10 CMakeFiles/mpu6050.elf.dir/Core/Src/stm32f1xx_it.c.obj
                0x080042d4                DMA1_Channel5_IRQHandler
 .text.USART1_IRQHandler
                0x080042e4       0x10 CMakeFiles/mpu6050.elf.dir/Core/Src/stm32f1xx_it.c.obj
                0x080042e4                USART1_IRQHandler
 .text._getpid  0x080042f4        0x4 CMakeFiles/mpu6050.elf.dir/Core/Src/syscalls.c.obj
                0x080042f4                _getpid
 .text._kill    0x080042f8       0x10 CMakeFiles/mpu6050.elf.dir/Core/Src/syscalls.c.obj
                0x080042f8                _kill
 .text._exit    0x08004308        0xc CMakeFiles/mpu6050.elf.dir/Core/Src/syscalls.c.obj
                0x08004308                _exit
 .text._read    0x08004314       0x20 CMakeFiles/mpu6050.elf.dir/Core/Src/syscalls.c.obj
                0x08004314                _read
 .text._write   0x08004334       0x1c CMakeFiles/mpu6050.elf.dir/Core/Src/syscalls.c.obj
                0x08004334                _write
 .text._close   0x08004350        0x6 CMakeFiles/mpu6050.elf.dir/Core/Src/syscalls.c.obj
                0x08004350                _close
 .text._fstat   0x08004356        0xa CMakeFiles/mpu6050.elf.dir/Core/Src/syscalls.c.obj
                0x08004356                _fstat
 .text._isatty  0x08004360        0x4 CMakeFiles/mpu6050.elf.dir/Core/Src/syscalls.c.obj
                0x08004360                _isatty
 .text._lseek   0x08004364        0x4 CMakeFiles/mpu6050.elf.dir/Core/Src/syscalls.c.obj
                0x08004364                _lseek
 .text._sbrk    0x08004368       0x48 CMakeFiles/mpu6050.elf.dir/Core/Src/sysmem.c.obj
                0x08004368                _sbrk
 .text.SystemInit
                0x080043b0        0x2 CMakeFiles/mpu6050.elf.dir/Core/Src/system_stm32f1xx.c.obj
                0x080043b0                SystemInit
 *fill*         0x080043b2        0x2 
 .text.MX_USART1_UART_Init
                0x080043b4       0x34 CMakeFiles/mpu6050.elf.dir/Core/Src/usart.c.obj
                0x080043b4                MX_USART1_UART_Init
 .text.HAL_UART_MspInit
                0x080043e8       0xf0 CMakeFiles/mpu6050.elf.dir/Core/Src/usart.c.obj
                0x080043e8                HAL_UART_MspInit
 .text.Reset_Handler
                0x080044d8       0x48 CMakeFiles/mpu6050.elf.dir/Core/Startup/startup_stm32f103rctx.s.obj
                0x080044d8                Reset_Handler
 .text.Default_Handler
                0x08004520        0x2 CMakeFiles/mpu6050.elf.dir/Core/Startup/startup_stm32f103rctx.s.obj
                0x08004520                RTC_Alarm_IRQHandler
                0x08004520                EXTI2_IRQHandler
                0x08004520                TIM8_TRG_COM_IRQHandler
                0x08004520                TIM8_CC_IRQHandler
                0x08004520                TIM1_CC_IRQHandler
                0x08004520                TIM6_IRQHandler
                0x08004520                PVD_IRQHandler
                0x08004520                SDIO_IRQHandler
                0x08004520                EXTI3_IRQHandler
                0x08004520                EXTI0_IRQHandler
                0x08004520                I2C2_EV_IRQHandler
                0x08004520                ADC1_2_IRQHandler
                0x08004520                SPI1_IRQHandler
                0x08004520                TAMPER_IRQHandler
                0x08004520                TIM8_UP_IRQHandler
                0x08004520                DMA2_Channel2_IRQHandler
                0x08004520                USART3_IRQHandler
                0x08004520                RTC_IRQHandler
                0x08004520                DMA1_Channel7_IRQHandler
                0x08004520                CAN1_RX1_IRQHandler
                0x08004520                UART5_IRQHandler
                0x08004520                ADC3_IRQHandler
                0x08004520                TIM4_IRQHandler
                0x08004520                DMA2_Channel1_IRQHandler
                0x08004520                I2C1_EV_IRQHandler
                0x08004520                DMA1_Channel6_IRQHandler
                0x08004520                UART4_IRQHandler
                0x08004520                TIM3_IRQHandler
                0x08004520                RCC_IRQHandler
                0x08004520                TIM1_TRG_COM_IRQHandler
                0x08004520                DMA1_Channel1_IRQHandler
                0x08004520                Default_Handler
                0x08004520                EXTI15_10_IRQHandler
                0x08004520                TIM7_IRQHandler
                0x08004520                TIM5_IRQHandler
                0x08004520                EXTI9_5_IRQHandler
                0x08004520                SPI2_IRQHandler
                0x08004520                EXTI4_IRQHandler
                0x08004520                USB_LP_CAN1_RX0_IRQHandler
                0x08004520                USB_HP_CAN1_TX_IRQHandler
                0x08004520                DMA1_Channel3_IRQHandler
                0x08004520                FSMC_IRQHandler
                0x08004520                TIM1_UP_IRQHandler
                0x08004520                WWDG_IRQHandler
                0x08004520                TIM2_IRQHandler
                0x08004520                TIM1_BRK_IRQHandler
                0x08004520                EXTI1_IRQHandler
                0x08004520                DMA2_Channel4_5_IRQHandler
                0x08004520                USART2_IRQHandler
                0x08004520                I2C2_ER_IRQHandler
                0x08004520                DMA1_Channel2_IRQHandler
                0x08004520                TIM8_BRK_IRQHandler
                0x08004520                CAN1_SCE_IRQHandler
                0x08004520                FLASH_IRQHandler
                0x08004520                SPI3_IRQHandler
                0x08004520                I2C1_ER_IRQHandler
                0x08004520                USBWakeUp_IRQHandler
                0x08004520                DMA2_Channel3_IRQHandler
 *fill*         0x08004522        0x2 
 .text.HAL_InitTick
                0x08004524       0x4c CMakeFiles/mpu6050.elf.dir/Drivers/STM32F1xx_HAL_Driver/Src/stm32f1xx_hal.c.obj
                0x08004524                HAL_InitTick
 .text.HAL_Init
                0x08004570       0x24 CMakeFiles/mpu6050.elf.dir/Drivers/STM32F1xx_HAL_Driver/Src/stm32f1xx_hal.c.obj
                0x08004570                HAL_Init
 .text.HAL_IncTick
                0x08004594       0x18 CMakeFiles/mpu6050.elf.dir/Drivers/STM32F1xx_HAL_Driver/Src/stm32f1xx_hal.c.obj
                0x08004594                HAL_IncTick
 .text.HAL_GetTick
                0x080045ac        0xc CMakeFiles/mpu6050.elf.dir/Drivers/STM32F1xx_HAL_Driver/Src/stm32f1xx_hal.c.obj
                0x080045ac                HAL_GetTick
 .text.HAL_Delay
                0x080045b8       0x28 CMakeFiles/mpu6050.elf.dir/Drivers/STM32F1xx_HAL_Driver/Src/stm32f1xx_hal.c.obj
                0x080045b8                HAL_Delay
 .text.HAL_NVIC_SetPriorityGrouping
                0x080045e0       0x24 CMakeFiles/mpu6050.elf.dir/Drivers/STM32F1xx_HAL_Driver/Src/stm32f1xx_hal_cortex.c.obj
                0x080045e0                HAL_NVIC_SetPriorityGrouping
 .text.HAL_NVIC_SetPriority
                0x08004604       0x70 CMakeFiles/mpu6050.elf.dir/Drivers/STM32F1xx_HAL_Driver/Src/stm32f1xx_hal_cortex.c.obj
                0x08004604                HAL_NVIC_SetPriority
 .text.HAL_NVIC_EnableIRQ
                0x08004674       0x1c CMakeFiles/mpu6050.elf.dir/Drivers/STM32F1xx_HAL_Driver/Src/stm32f1xx_hal_cortex.c.obj
                0x08004674                HAL_NVIC_EnableIRQ
 .text.HAL_SYSTICK_Config
                0x08004690       0x28 CMakeFiles/mpu6050.elf.dir/Drivers/STM32F1xx_HAL_Driver/Src/stm32f1xx_hal_cortex.c.obj
                0x08004690                HAL_SYSTICK_Config
 .text.HAL_DMA_Init
                0x080046b8       0x98 CMakeFiles/mpu6050.elf.dir/Drivers/STM32F1xx_HAL_Driver/Src/stm32f1xx_hal_dma.c.obj
                0x080046b8                HAL_DMA_Init
 .text.HAL_DMA_Abort
                0x08004750       0x46 CMakeFiles/mpu6050.elf.dir/Drivers/STM32F1xx_HAL_Driver/Src/stm32f1xx_hal_dma.c.obj
                0x08004750                HAL_DMA_Abort
 *fill*         0x08004796        0x2 
 .text.HAL_DMA_Abort_IT
                0x08004798      0x16c CMakeFiles/mpu6050.elf.dir/Drivers/STM32F1xx_HAL_Driver/Src/stm32f1xx_hal_dma.c.obj
                0x08004798                HAL_DMA_Abort_IT
 .text.HAL_DMA_IRQHandler
                0x08004904      0x2ec CMakeFiles/mpu6050.elf.dir/Drivers/STM32F1xx_HAL_Driver/Src/stm32f1xx_hal_dma.c.obj
                0x08004904                HAL_DMA_IRQHandler
 .text.HAL_GPIO_Init
                0x08004bf0      0x240 CMakeFiles/mpu6050.elf.dir/Drivers/STM32F1xx_HAL_Driver/Src/stm32f1xx_hal_gpio.c.obj
                0x08004bf0                HAL_GPIO_Init
 .text.I2C_IsAcknowledgeFailed
                0x08004e30       0x32 CMakeFiles/mpu6050.elf.dir/Drivers/STM32F1xx_HAL_Driver/Src/stm32f1xx_hal_i2c.c.obj
 .text.I2C_WaitOnFlagUntilTimeout
                0x08004e62       0xaa CMakeFiles/mpu6050.elf.dir/Drivers/STM32F1xx_HAL_Driver/Src/stm32f1xx_hal_i2c.c.obj
 .text.I2C_WaitOnMasterAddressFlagUntilTimeout
                0x08004f0c       0xd6 CMakeFiles/mpu6050.elf.dir/Drivers/STM32F1xx_HAL_Driver/Src/stm32f1xx_hal_i2c.c.obj
 .text.I2C_WaitOnTXEFlagUntilTimeout
                0x08004fe2       0x5e CMakeFiles/mpu6050.elf.dir/Drivers/STM32F1xx_HAL_Driver/Src/stm32f1xx_hal_i2c.c.obj
 .text.I2C_RequestMemoryWrite
                0x08005040       0xd8 CMakeFiles/mpu6050.elf.dir/Drivers/STM32F1xx_HAL_Driver/Src/stm32f1xx_hal_i2c.c.obj
 .text.I2C_RequestMemoryRead
                0x08005118      0x154 CMakeFiles/mpu6050.elf.dir/Drivers/STM32F1xx_HAL_Driver/Src/stm32f1xx_hal_i2c.c.obj
 .text.I2C_WaitOnBTFFlagUntilTimeout
                0x0800526c       0x5e CMakeFiles/mpu6050.elf.dir/Drivers/STM32F1xx_HAL_Driver/Src/stm32f1xx_hal_i2c.c.obj
 .text.I2C_WaitOnRXNEFlagUntilTimeout
                0x080052ca       0x78 CMakeFiles/mpu6050.elf.dir/Drivers/STM32F1xx_HAL_Driver/Src/stm32f1xx_hal_i2c.c.obj
 *fill*         0x08005342        0x2 
 .text.HAL_I2C_Init
                0x08005344      0x1bc CMakeFiles/mpu6050.elf.dir/Drivers/STM32F1xx_HAL_Driver/Src/stm32f1xx_hal_i2c.c.obj
                0x08005344                HAL_I2C_Init
 .text.HAL_I2C_Mem_Write
                0x08005500      0x164 CMakeFiles/mpu6050.elf.dir/Drivers/STM32F1xx_HAL_Driver/Src/stm32f1xx_hal_i2c.c.obj
                0x08005500                HAL_I2C_Mem_Write
 .text.HAL_I2C_Mem_Read
                0x08005664      0x348 CMakeFiles/mpu6050.elf.dir/Drivers/STM32F1xx_HAL_Driver/Src/stm32f1xx_hal_i2c.c.obj
                0x08005664                HAL_I2C_Mem_Read
 .text.RCC_Delay
                0x080059ac       0x2c CMakeFiles/mpu6050.elf.dir/Drivers/STM32F1xx_HAL_Driver/Src/stm32f1xx_hal_rcc.c.obj
 .text.HAL_RCC_OscConfig
                0x080059d8      0x410 CMakeFiles/mpu6050.elf.dir/Drivers/STM32F1xx_HAL_Driver/Src/stm32f1xx_hal_rcc.c.obj
                0x080059d8                HAL_RCC_OscConfig
 .text.HAL_RCC_GetSysClockFreq
                0x08005de8       0x54 CMakeFiles/mpu6050.elf.dir/Drivers/STM32F1xx_HAL_Driver/Src/stm32f1xx_hal_rcc.c.obj
                0x08005de8                HAL_RCC_GetSysClockFreq
 .text.HAL_RCC_ClockConfig
                0x08005e3c      0x16c CMakeFiles/mpu6050.elf.dir/Drivers/STM32F1xx_HAL_Driver/Src/stm32f1xx_hal_rcc.c.obj
                0x08005e3c                HAL_RCC_ClockConfig
 .text.HAL_RCC_GetHCLKFreq
                0x08005fa8        0xc CMakeFiles/mpu6050.elf.dir/Drivers/STM32F1xx_HAL_Driver/Src/stm32f1xx_hal_rcc.c.obj
                0x08005fa8                HAL_RCC_GetHCLKFreq
 .text.HAL_RCC_GetPCLK1Freq
                0x08005fb4       0x20 CMakeFiles/mpu6050.elf.dir/Drivers/STM32F1xx_HAL_Driver/Src/stm32f1xx_hal_rcc.c.obj
                0x08005fb4                HAL_RCC_GetPCLK1Freq
 .text.HAL_RCC_GetPCLK2Freq
                0x08005fd4       0x20 CMakeFiles/mpu6050.elf.dir/Drivers/STM32F1xx_HAL_Driver/Src/stm32f1xx_hal_rcc.c.obj
                0x08005fd4                HAL_RCC_GetPCLK2Freq
 .text.UART_EndRxTransfer
                0x08005ff4       0x5c CMakeFiles/mpu6050.elf.dir/Drivers/STM32F1xx_HAL_Driver/Src/stm32f1xx_hal_uart.c.obj
 .text.UART_Transmit_IT
                0x08006050       0x60 CMakeFiles/mpu6050.elf.dir/Drivers/STM32F1xx_HAL_Driver/Src/stm32f1xx_hal_uart.c.obj
 .text.UART_SetConfig
                0x080060b0       0x94 CMakeFiles/mpu6050.elf.dir/Drivers/STM32F1xx_HAL_Driver/Src/stm32f1xx_hal_uart.c.obj
 .text.UART_WaitOnFlagUntilTimeout
                0x08006144       0x88 CMakeFiles/mpu6050.elf.dir/Drivers/STM32F1xx_HAL_Driver/Src/stm32f1xx_hal_uart.c.obj
 .text.HAL_UART_Init
                0x080061cc       0x60 CMakeFiles/mpu6050.elf.dir/Drivers/STM32F1xx_HAL_Driver/Src/stm32f1xx_hal_uart.c.obj
                0x080061cc                HAL_UART_Init
 .text.HAL_UART_Transmit
                0x0800622c       0xbe CMakeFiles/mpu6050.elf.dir/Drivers/STM32F1xx_HAL_Driver/Src/stm32f1xx_hal_uart.c.obj
                0x0800622c                HAL_UART_Transmit
 .text.HAL_UART_TxCpltCallback
                0x080062ea        0x2 CMakeFiles/mpu6050.elf.dir/Drivers/STM32F1xx_HAL_Driver/Src/stm32f1xx_hal_uart.c.obj
                0x080062ea                HAL_UART_TxCpltCallback
 .text.UART_EndTransmit_IT
                0x080062ec       0x1a CMakeFiles/mpu6050.elf.dir/Drivers/STM32F1xx_HAL_Driver/Src/stm32f1xx_hal_uart.c.obj
 .text.HAL_UART_RxCpltCallback
                0x08006306        0x2 CMakeFiles/mpu6050.elf.dir/Drivers/STM32F1xx_HAL_Driver/Src/stm32f1xx_hal_uart.c.obj
                0x08006306                HAL_UART_RxCpltCallback
 .text.HAL_UART_ErrorCallback
                0x08006308        0x2 CMakeFiles/mpu6050.elf.dir/Drivers/STM32F1xx_HAL_Driver/Src/stm32f1xx_hal_uart.c.obj
                0x08006308                HAL_UART_ErrorCallback
 .text.UART_DMAAbortOnError
                0x0800630a       0x10 CMakeFiles/mpu6050.elf.dir/Drivers/STM32F1xx_HAL_Driver/Src/stm32f1xx_hal_uart.c.obj
 .text.HAL_UARTEx_RxEventCallback
                0x0800631a        0x2 CMakeFiles/mpu6050.elf.dir/Drivers/STM32F1xx_HAL_Driver/Src/stm32f1xx_hal_uart.c.obj
                0x0800631a                HAL_UARTEx_RxEventCallback
 .text.UART_Receive_IT
                0x0800631c       0xe6 CMakeFiles/mpu6050.elf.dir/Drivers/STM32F1xx_HAL_Driver/Src/stm32f1xx_hal_uart.c.obj
 *fill*         0x08006402        0x2 
 .text.HAL_UART_IRQHandler
                0x08006404      0x288 CMakeFiles/mpu6050.elf.dir/Drivers/STM32F1xx_HAL_Driver/Src/stm32f1xx_hal_uart.c.obj
                0x08006404                HAL_UART_IRQHandler
 .text.__errno  0x0800668c        0xc d:/clion_stm32/gcc_arm_none_eabi/gcc-arm-none-eabi-10.3-2021.10/bin/../lib/gcc/arm-none-eabi/10.3.1/../../../../arm-none-eabi/lib/thumb/v7-m/nofp\libg.a(lib_a-errno.o)
                0x0800668c                __errno
 .text.__libc_init_array
                0x08006698       0x48 d:/clion_stm32/gcc_arm_none_eabi/gcc-arm-none-eabi-10.3-2021.10/bin/../lib/gcc/arm-none-eabi/10.3.1/../../../../arm-none-eabi/lib/thumb/v7-m/nofp\libg.a(lib_a-init.o)
                0x08006698                __libc_init_array
 .text.memcmp   0x080066e0       0x68 d:/clion_stm32/gcc_arm_none_eabi/gcc-arm-none-eabi-10.3-2021.10/bin/../lib/gcc/arm-none-eabi/10.3.1/../../../../arm-none-eabi/lib/thumb/v7-m/nofp\libg.a(lib_a-memcmp.o)
                0x080066e0                memcmp
 .text.memset   0x08006748       0xa4 d:/clion_stm32/gcc_arm_none_eabi/gcc-arm-none-eabi-10.3-2021.10/bin/../lib/gcc/arm-none-eabi/10.3.1/../../../../arm-none-eabi/lib/thumb/v7-m/nofp\libg.a(lib_a-memset.o)
                0x08006748                memset
 .text.printf   0x080067ec       0x28 d:/clion_stm32/gcc_arm_none_eabi/gcc-arm-none-eabi-10.3-2021.10/bin/../lib/gcc/arm-none-eabi/10.3.1/../../../../arm-none-eabi/lib/thumb/v7-m/nofp\libg.a(lib_a-printf.o)
                0x080067ec                printf
 .text._puts_r  0x08006814       0x9c d:/clion_stm32/gcc_arm_none_eabi/gcc-arm-none-eabi-10.3-2021.10/bin/../lib/gcc/arm-none-eabi/10.3.1/../../../../arm-none-eabi/lib/thumb/v7-m/nofp\libg.a(lib_a-puts.o)
                0x08006814                _puts_r
 .text.puts     0x080068b0       0x10 d:/clion_stm32/gcc_arm_none_eabi/gcc-arm-none-eabi-10.3-2021.10/bin/../lib/gcc/arm-none-eabi/10.3.1/../../../../arm-none-eabi/lib/thumb/v7-m/nofp\libg.a(lib_a-puts.o)
                0x080068b0                puts
 .text.strlen   0x080068c0       0x5c d:/clion_stm32/gcc_arm_none_eabi/gcc-arm-none-eabi-10.3-2021.10/bin/../lib/gcc/arm-none-eabi/10.3.1/../../../../arm-none-eabi/lib/thumb/v7-m/nofp\libg.a(lib_a-strlen-stub.o)
                0x080068c0                strlen
 .text._vfprintf_r
                0x0800691c     0x1b58 d:/clion_stm32/gcc_arm_none_eabi/gcc-arm-none-eabi-10.3-2021.10/bin/../lib/gcc/arm-none-eabi/10.3.1/../../../../arm-none-eabi/lib/thumb/v7-m/nofp\libg.a(lib_a-vfprintf.o)
                0x0800691c                _vfprintf_r
 .text.__sbprintf
                0x08008474       0x84 d:/clion_stm32/gcc_arm_none_eabi/gcc-arm-none-eabi-10.3-2021.10/bin/../lib/gcc/arm-none-eabi/10.3.1/../../../../arm-none-eabi/lib/thumb/v7-m/nofp\libg.a(lib_a-vfprintf.o)
 .text.vsprintf
                0x080084f8       0x38 d:/clion_stm32/gcc_arm_none_eabi/gcc-arm-none-eabi-10.3-2021.10/bin/../lib/gcc/arm-none-eabi/10.3.1/../../../../arm-none-eabi/lib/thumb/v7-m/nofp\libg.a(lib_a-vsprintf.o)
                0x080084f8                vsprintf
 .text.__swsetup_r
                0x08008530       0xd4 d:/clion_stm32/gcc_arm_none_eabi/gcc-arm-none-eabi-10.3-2021.10/bin/../lib/gcc/arm-none-eabi/10.3.1/../../../../arm-none-eabi/lib/thumb/v7-m/nofp\libg.a(lib_a-wsetup.o)
                0x08008530                __swsetup_r
 .text.startup.register_fini
                0x08008604       0x14 d:/clion_stm32/gcc_arm_none_eabi/gcc-arm-none-eabi-10.3-2021.10/bin/../lib/gcc/arm-none-eabi/10.3.1/../../../../arm-none-eabi/lib/thumb/v7-m/nofp\libg.a(lib_a-__call_atexit.o)
 .text.atexit   0x08008618        0xc d:/clion_stm32/gcc_arm_none_eabi/gcc-arm-none-eabi-10.3-2021.10/bin/../lib/gcc/arm-none-eabi/10.3.1/../../../../arm-none-eabi/lib/thumb/v7-m/nofp\libg.a(lib_a-atexit.o)
                0x08008618                atexit
 .text.quorem   0x08008624      0x12c d:/clion_stm32/gcc_arm_none_eabi/gcc-arm-none-eabi-10.3-2021.10/bin/../lib/gcc/arm-none-eabi/10.3.1/../../../../arm-none-eabi/lib/thumb/v7-m/nofp\libg.a(lib_a-dtoa.o)
 .text._dtoa_r  0x08008750      0xecc d:/clion_stm32/gcc_arm_none_eabi/gcc-arm-none-eabi-10.3-2021.10/bin/../lib/gcc/arm-none-eabi/10.3.1/../../../../arm-none-eabi/lib/thumb/v7-m/nofp\libg.a(lib_a-dtoa.o)
                0x08008750                _dtoa_r
 .text.__sflush_r
                0x0800961c      0x124 d:/clion_stm32/gcc_arm_none_eabi/gcc-arm-none-eabi-10.3-2021.10/bin/../lib/gcc/arm-none-eabi/10.3.1/../../../../arm-none-eabi/lib/thumb/v7-m/nofp\libg.a(lib_a-fflush.o)
                0x0800961c                __sflush_r
 .text._fflush_r
                0x08009740       0x5c d:/clion_stm32/gcc_arm_none_eabi/gcc-arm-none-eabi-10.3-2021.10/bin/../lib/gcc/arm-none-eabi/10.3.1/../../../../arm-none-eabi/lib/thumb/v7-m/nofp\libg.a(lib_a-fflush.o)
                0x08009740                _fflush_r
 .text._cleanup_r
                0x0800979c        0xc d:/clion_stm32/gcc_arm_none_eabi/gcc-arm-none-eabi-10.3-2021.10/bin/../lib/gcc/arm-none-eabi/10.3.1/../../../../arm-none-eabi/lib/thumb/v7-m/nofp\libg.a(lib_a-findfp.o)
                0x0800979c                _cleanup_r
 .text.__sinit  0x080097a8      0x10c d:/clion_stm32/gcc_arm_none_eabi/gcc-arm-none-eabi-10.3-2021.10/bin/../lib/gcc/arm-none-eabi/10.3.1/../../../../arm-none-eabi/lib/thumb/v7-m/nofp\libg.a(lib_a-findfp.o)
                0x080097a8                __sinit
 .text.__sfp_lock_acquire
                0x080098b4        0xc d:/clion_stm32/gcc_arm_none_eabi/gcc-arm-none-eabi-10.3-2021.10/bin/../lib/gcc/arm-none-eabi/10.3.1/../../../../arm-none-eabi/lib/thumb/v7-m/nofp\libg.a(lib_a-findfp.o)
                0x080098b4                __sfp_lock_acquire
 .text.__sfp_lock_release
                0x080098c0        0xc d:/clion_stm32/gcc_arm_none_eabi/gcc-arm-none-eabi-10.3-2021.10/bin/../lib/gcc/arm-none-eabi/10.3.1/../../../../arm-none-eabi/lib/thumb/v7-m/nofp\libg.a(lib_a-findfp.o)
                0x080098c0                __sfp_lock_release
 .text.__libc_fini_array
                0x080098cc       0x2c d:/clion_stm32/gcc_arm_none_eabi/gcc-arm-none-eabi-10.3-2021.10/bin/../lib/gcc/arm-none-eabi/10.3.1/../../../../arm-none-eabi/lib/thumb/v7-m/nofp\libg.a(lib_a-fini.o)
                0x080098cc                __libc_fini_array
 .text._malloc_trim_r
                0x080098f8       0xa0 d:/clion_stm32/gcc_arm_none_eabi/gcc-arm-none-eabi-10.3-2021.10/bin/../lib/gcc/arm-none-eabi/10.3.1/../../../../arm-none-eabi/lib/thumb/v7-m/nofp\libg.a(lib_a-freer.o)
                0x080098f8                _malloc_trim_r
 .text._free_r  0x08009998      0x200 d:/clion_stm32/gcc_arm_none_eabi/gcc-arm-none-eabi-10.3-2021.10/bin/../lib/gcc/arm-none-eabi/10.3.1/../../../../arm-none-eabi/lib/thumb/v7-m/nofp\libg.a(lib_a-freer.o)
                0x08009998                _free_r
 .text.__sfvwrite_r
                0x08009b98      0x2f0 d:/clion_stm32/gcc_arm_none_eabi/gcc-arm-none-eabi-10.3-2021.10/bin/../lib/gcc/arm-none-eabi/10.3.1/../../../../arm-none-eabi/lib/thumb/v7-m/nofp\libg.a(lib_a-fvwrite.o)
                0x08009b98                __sfvwrite_r
 .text._fwalk_reent
                0x08009e88       0x48 d:/clion_stm32/gcc_arm_none_eabi/gcc-arm-none-eabi-10.3-2021.10/bin/../lib/gcc/arm-none-eabi/10.3.1/../../../../arm-none-eabi/lib/thumb/v7-m/nofp\libg.a(lib_a-fwalk.o)
                0x08009e88                _fwalk_reent
 .text._localeconv_r
                0x08009ed0        0x8 d:/clion_stm32/gcc_arm_none_eabi/gcc-arm-none-eabi-10.3-2021.10/bin/../lib/gcc/arm-none-eabi/10.3.1/../../../../arm-none-eabi/lib/thumb/v7-m/nofp\libg.a(lib_a-localeconv.o)
                0x08009ed0                _localeconv_r
 .text.__retarget_lock_init_recursive
                0x08009ed8        0x4 d:/clion_stm32/gcc_arm_none_eabi/gcc-arm-none-eabi-10.3-2021.10/bin/../lib/gcc/arm-none-eabi/10.3.1/../../../../arm-none-eabi/lib/thumb/v7-m/nofp\libg.a(lib_a-lock.o)
                0x08009ed8                __retarget_lock_init_recursive
 .text.__retarget_lock_close_recursive
                0x08009edc        0x4 d:/clion_stm32/gcc_arm_none_eabi/gcc-arm-none-eabi-10.3-2021.10/bin/../lib/gcc/arm-none-eabi/10.3.1/../../../../arm-none-eabi/lib/thumb/v7-m/nofp\libg.a(lib_a-lock.o)
                0x08009edc                __retarget_lock_close_recursive
 .text.__retarget_lock_acquire_recursive
                0x08009ee0        0x4 d:/clion_stm32/gcc_arm_none_eabi/gcc-arm-none-eabi-10.3-2021.10/bin/../lib/gcc/arm-none-eabi/10.3.1/../../../../arm-none-eabi/lib/thumb/v7-m/nofp\libg.a(lib_a-lock.o)
                0x08009ee0                __retarget_lock_acquire_recursive
 .text.__retarget_lock_release_recursive
                0x08009ee4        0x4 d:/clion_stm32/gcc_arm_none_eabi/gcc-arm-none-eabi-10.3-2021.10/bin/../lib/gcc/arm-none-eabi/10.3.1/../../../../arm-none-eabi/lib/thumb/v7-m/nofp\libg.a(lib_a-lock.o)
                0x08009ee4                __retarget_lock_release_recursive
 .text.__smakebuf_r
                0x08009ee8       0xe0 d:/clion_stm32/gcc_arm_none_eabi/gcc-arm-none-eabi-10.3-2021.10/bin/../lib/gcc/arm-none-eabi/10.3.1/../../../../arm-none-eabi/lib/thumb/v7-m/nofp\libg.a(lib_a-makebuf.o)
                0x08009ee8                __smakebuf_r
 .text._malloc_r
                0x08009fc8      0x558 d:/clion_stm32/gcc_arm_none_eabi/gcc-arm-none-eabi-10.3-2021.10/bin/../lib/gcc/arm-none-eabi/10.3.1/../../../../arm-none-eabi/lib/thumb/v7-m/nofp\libg.a(lib_a-mallocr.o)
                0x08009fc8                _malloc_r
 .text.memchr   0x0800a520       0x90 d:/clion_stm32/gcc_arm_none_eabi/gcc-arm-none-eabi-10.3-2021.10/bin/../lib/gcc/arm-none-eabi/10.3.1/../../../../arm-none-eabi/lib/thumb/v7-m/nofp\libg.a(lib_a-memchr-stub.o)
                0x0800a520                memchr
 .text.memmove  0x0800a5b0       0xf8 d:/clion_stm32/gcc_arm_none_eabi/gcc-arm-none-eabi-10.3-2021.10/bin/../lib/gcc/arm-none-eabi/10.3.1/../../../../arm-none-eabi/lib/thumb/v7-m/nofp\libg.a(lib_a-memmove.o)
                0x0800a5b0                memmove
 .text.__malloc_lock
                0x0800a6a8        0xc d:/clion_stm32/gcc_arm_none_eabi/gcc-arm-none-eabi-10.3-2021.10/bin/../lib/gcc/arm-none-eabi/10.3.1/../../../../arm-none-eabi/lib/thumb/v7-m/nofp\libg.a(lib_a-mlock.o)
                0x0800a6a8                __malloc_lock
 .text.__malloc_unlock
                0x0800a6b4        0xc d:/clion_stm32/gcc_arm_none_eabi/gcc-arm-none-eabi-10.3-2021.10/bin/../lib/gcc/arm-none-eabi/10.3.1/../../../../arm-none-eabi/lib/thumb/v7-m/nofp\libg.a(lib_a-mlock.o)
                0x0800a6b4                __malloc_unlock
 .text._Balloc  0x0800a6c0       0x4c d:/clion_stm32/gcc_arm_none_eabi/gcc-arm-none-eabi-10.3-2021.10/bin/../lib/gcc/arm-none-eabi/10.3.1/../../../../arm-none-eabi/lib/thumb/v7-m/nofp\libg.a(lib_a-mprec.o)
                0x0800a6c0                _Balloc
 .text._Bfree   0x0800a70c       0x14 d:/clion_stm32/gcc_arm_none_eabi/gcc-arm-none-eabi-10.3-2021.10/bin/../lib/gcc/arm-none-eabi/10.3.1/../../../../arm-none-eabi/lib/thumb/v7-m/nofp\libg.a(lib_a-mprec.o)
                0x0800a70c                _Bfree
 .text.__multadd
                0x0800a720       0xa4 d:/clion_stm32/gcc_arm_none_eabi/gcc-arm-none-eabi-10.3-2021.10/bin/../lib/gcc/arm-none-eabi/10.3.1/../../../../arm-none-eabi/lib/thumb/v7-m/nofp\libg.a(lib_a-mprec.o)
                0x0800a720                __multadd
 .text.__hi0bits
                0x0800a7c4       0x40 d:/clion_stm32/gcc_arm_none_eabi/gcc-arm-none-eabi-10.3-2021.10/bin/../lib/gcc/arm-none-eabi/10.3.1/../../../../arm-none-eabi/lib/thumb/v7-m/nofp\libg.a(lib_a-mprec.o)
                0x0800a7c4                __hi0bits
 .text.__lo0bits
                0x0800a804       0x58 d:/clion_stm32/gcc_arm_none_eabi/gcc-arm-none-eabi-10.3-2021.10/bin/../lib/gcc/arm-none-eabi/10.3.1/../../../../arm-none-eabi/lib/thumb/v7-m/nofp\libg.a(lib_a-mprec.o)
                0x0800a804                __lo0bits
 .text.__i2b    0x0800a85c       0x5c d:/clion_stm32/gcc_arm_none_eabi/gcc-arm-none-eabi-10.3-2021.10/bin/../lib/gcc/arm-none-eabi/10.3.1/../../../../arm-none-eabi/lib/thumb/v7-m/nofp\libg.a(lib_a-mprec.o)
                0x0800a85c                __i2b
 .text.__multiply
                0x0800a8b8      0x15c d:/clion_stm32/gcc_arm_none_eabi/gcc-arm-none-eabi-10.3-2021.10/bin/../lib/gcc/arm-none-eabi/10.3.1/../../../../arm-none-eabi/lib/thumb/v7-m/nofp\libg.a(lib_a-mprec.o)
                0x0800a8b8                __multiply
 .text.__pow5mult
                0x0800aa14       0xb8 d:/clion_stm32/gcc_arm_none_eabi/gcc-arm-none-eabi-10.3-2021.10/bin/../lib/gcc/arm-none-eabi/10.3.1/../../../../arm-none-eabi/lib/thumb/v7-m/nofp\libg.a(lib_a-mprec.o)
                0x0800aa14                __pow5mult
 .text.__lshift
                0x0800aacc       0xec d:/clion_stm32/gcc_arm_none_eabi/gcc-arm-none-eabi-10.3-2021.10/bin/../lib/gcc/arm-none-eabi/10.3.1/../../../../arm-none-eabi/lib/thumb/v7-m/nofp\libg.a(lib_a-mprec.o)
                0x0800aacc                __lshift
 .text.__mcmp   0x0800abb8       0x40 d:/clion_stm32/gcc_arm_none_eabi/gcc-arm-none-eabi-10.3-2021.10/bin/../lib/gcc/arm-none-eabi/10.3.1/../../../../arm-none-eabi/lib/thumb/v7-m/nofp\libg.a(lib_a-mprec.o)
                0x0800abb8                __mcmp
 .text.__mdiff  0x0800abf8      0x14c d:/clion_stm32/gcc_arm_none_eabi/gcc-arm-none-eabi-10.3-2021.10/bin/../lib/gcc/arm-none-eabi/10.3.1/../../../../arm-none-eabi/lib/thumb/v7-m/nofp\libg.a(lib_a-mprec.o)
                0x0800abf8                __mdiff
 .text.__d2b    0x0800ad44       0xc4 d:/clion_stm32/gcc_arm_none_eabi/gcc-arm-none-eabi-10.3-2021.10/bin/../lib/gcc/arm-none-eabi/10.3.1/../../../../arm-none-eabi/lib/thumb/v7-m/nofp\libg.a(lib_a-mprec.o)
                0x0800ad44                __d2b
 .text._realloc_r
                0x0800ae08      0x3dc d:/clion_stm32/gcc_arm_none_eabi/gcc-arm-none-eabi-10.3-2021.10/bin/../lib/gcc/arm-none-eabi/10.3.1/../../../../arm-none-eabi/lib/thumb/v7-m/nofp\libg.a(lib_a-reallocr.o)
                0x0800ae08                _realloc_r
 .text.frexp    0x0800b1e4       0x70 d:/clion_stm32/gcc_arm_none_eabi/gcc-arm-none-eabi-10.3-2021.10/bin/../lib/gcc/arm-none-eabi/10.3.1/../../../../arm-none-eabi/lib/thumb/v7-m/nofp\libg.a(lib_a-s_frexp.o)
                0x0800b1e4                frexp
 .text._sbrk_r  0x0800b254       0x24 d:/clion_stm32/gcc_arm_none_eabi/gcc-arm-none-eabi-10.3-2021.10/bin/../lib/gcc/arm-none-eabi/10.3.1/../../../../arm-none-eabi/lib/thumb/v7-m/nofp\libg.a(lib_a-sbrkr.o)
                0x0800b254                _sbrk_r
 .text.__sread  0x0800b278       0x24 d:/clion_stm32/gcc_arm_none_eabi/gcc-arm-none-eabi-10.3-2021.10/bin/../lib/gcc/arm-none-eabi/10.3.1/../../../../arm-none-eabi/lib/thumb/v7-m/nofp\libg.a(lib_a-stdio.o)
                0x0800b278                __sread
 .text.__swrite
                0x0800b29c       0x40 d:/clion_stm32/gcc_arm_none_eabi/gcc-arm-none-eabi-10.3-2021.10/bin/../lib/gcc/arm-none-eabi/10.3.1/../../../../arm-none-eabi/lib/thumb/v7-m/nofp\libg.a(lib_a-stdio.o)
                0x0800b29c                __swrite
 .text.__sseek  0x0800b2dc       0x20 d:/clion_stm32/gcc_arm_none_eabi/gcc-arm-none-eabi-10.3-2021.10/bin/../lib/gcc/arm-none-eabi/10.3.1/../../../../arm-none-eabi/lib/thumb/v7-m/nofp\libg.a(lib_a-stdio.o)
                0x0800b2dc                __sseek
 .text.__sclose
                0x0800b2fc        0x8 d:/clion_stm32/gcc_arm_none_eabi/gcc-arm-none-eabi-10.3-2021.10/bin/../lib/gcc/arm-none-eabi/10.3.1/../../../../arm-none-eabi/lib/thumb/v7-m/nofp\libg.a(lib_a-stdio.o)
                0x0800b2fc                __sclose
 .text.strncpy  0x0800b304       0x68 d:/clion_stm32/gcc_arm_none_eabi/gcc-arm-none-eabi-10.3-2021.10/bin/../lib/gcc/arm-none-eabi/10.3.1/../../../../arm-none-eabi/lib/thumb/v7-m/nofp\libg.a(lib_a-strncpy.o)
                0x0800b304                strncpy
 .text._svfprintf_r
                0x0800b36c     0x1aa4 d:/clion_stm32/gcc_arm_none_eabi/gcc-arm-none-eabi-10.3-2021.10/bin/../lib/gcc/arm-none-eabi/10.3.1/../../../../arm-none-eabi/lib/thumb/v7-m/nofp\libg.a(lib_a-svfprintf.o)
                0x0800b36c                _svfprintf_r
 .text.__sprint_r.part.0
                0x0800ce10       0x78 d:/clion_stm32/gcc_arm_none_eabi/gcc-arm-none-eabi-10.3-2021.10/bin/../lib/gcc/arm-none-eabi/10.3.1/../../../../arm-none-eabi/lib/thumb/v7-m/nofp\libg.a(lib_a-vfiprintf.o)
 .text.__sprint_r
                0x0800ce88       0x14 d:/clion_stm32/gcc_arm_none_eabi/gcc-arm-none-eabi-10.3-2021.10/bin/../lib/gcc/arm-none-eabi/10.3.1/../../../../arm-none-eabi/lib/thumb/v7-m/nofp\libg.a(lib_a-vfiprintf.o)
                0x0800ce88                __sprint_r
 .text._vfiprintf_r
                0x0800ce9c      0xd98 d:/clion_stm32/gcc_arm_none_eabi/gcc-arm-none-eabi-10.3-2021.10/bin/../lib/gcc/arm-none-eabi/10.3.1/../../../../arm-none-eabi/lib/thumb/v7-m/nofp\libg.a(lib_a-vfiprintf.o)
                0x0800ce9c                _vfiprintf_r
 .text.__sbprintf
                0x0800dc34       0x84 d:/clion_stm32/gcc_arm_none_eabi/gcc-arm-none-eabi-10.3-2021.10/bin/../lib/gcc/arm-none-eabi/10.3.1/../../../../arm-none-eabi/lib/thumb/v7-m/nofp\libg.a(lib_a-vfiprintf.o)
 .text._write_r
                0x0800dcb8       0x2c d:/clion_stm32/gcc_arm_none_eabi/gcc-arm-none-eabi-10.3-2021.10/bin/../lib/gcc/arm-none-eabi/10.3.1/../../../../arm-none-eabi/lib/thumb/v7-m/nofp\libg.a(lib_a-writer.o)
                0x0800dcb8                _write_r
 .text.__register_exitproc
                0x0800dce4       0x8c d:/clion_stm32/gcc_arm_none_eabi/gcc-arm-none-eabi-10.3-2021.10/bin/../lib/gcc/arm-none-eabi/10.3.1/../../../../arm-none-eabi/lib/thumb/v7-m/nofp\libg.a(lib_a-__atexit.o)
                0x0800dce4                __register_exitproc
 .text.__assert_func
                0x0800dd70       0x40 d:/clion_stm32/gcc_arm_none_eabi/gcc-arm-none-eabi-10.3-2021.10/bin/../lib/gcc/arm-none-eabi/10.3.1/../../../../arm-none-eabi/lib/thumb/v7-m/nofp\libg.a(lib_a-assert.o)
                0x0800dd70                __assert_func
 .text._calloc_r
                0x0800ddb0       0x78 d:/clion_stm32/gcc_arm_none_eabi/gcc-arm-none-eabi-10.3-2021.10/bin/../lib/gcc/arm-none-eabi/10.3.1/../../../../arm-none-eabi/lib/thumb/v7-m/nofp\libg.a(lib_a-callocr.o)
                0x0800ddb0                _calloc_r
 .text._close_r
                0x0800de28       0x24 d:/clion_stm32/gcc_arm_none_eabi/gcc-arm-none-eabi-10.3-2021.10/bin/../lib/gcc/arm-none-eabi/10.3.1/../../../../arm-none-eabi/lib/thumb/v7-m/nofp\libg.a(lib_a-closer.o)
                0x0800de28                _close_r
 .text._fclose_r
                0x0800de4c       0xcc d:/clion_stm32/gcc_arm_none_eabi/gcc-arm-none-eabi-10.3-2021.10/bin/../lib/gcc/arm-none-eabi/10.3.1/../../../../arm-none-eabi/lib/thumb/v7-m/nofp\libg.a(lib_a-fclose.o)
                0x0800de4c                _fclose_r
 .text.fiprintf
                0x0800df18       0x28 d:/clion_stm32/gcc_arm_none_eabi/gcc-arm-none-eabi-10.3-2021.10/bin/../lib/gcc/arm-none-eabi/10.3.1/../../../../arm-none-eabi/lib/thumb/v7-m/nofp\libg.a(lib_a-fiprintf.o)
                0x0800df18                fiprintf
 .text.__fputwc
                0x0800df40       0xa0 d:/clion_stm32/gcc_arm_none_eabi/gcc-arm-none-eabi-10.3-2021.10/bin/../lib/gcc/arm-none-eabi/10.3.1/../../../../arm-none-eabi/lib/thumb/v7-m/nofp\libg.a(lib_a-fputwc.o)
                0x0800df40                __fputwc
 .text._fputwc_r
                0x0800dfe0       0x68 d:/clion_stm32/gcc_arm_none_eabi/gcc-arm-none-eabi-10.3-2021.10/bin/../lib/gcc/arm-none-eabi/10.3.1/../../../../arm-none-eabi/lib/thumb/v7-m/nofp\libg.a(lib_a-fputwc.o)
                0x0800dfe0                _fputwc_r
 .text._fstat_r
                0x0800e048       0x28 d:/clion_stm32/gcc_arm_none_eabi/gcc-arm-none-eabi-10.3-2021.10/bin/../lib/gcc/arm-none-eabi/10.3.1/../../../../arm-none-eabi/lib/thumb/v7-m/nofp\libg.a(lib_a-fstatr.o)
                0x0800e048                _fstat_r
 .text._isatty_r
                0x0800e070       0x24 d:/clion_stm32/gcc_arm_none_eabi/gcc-arm-none-eabi-10.3-2021.10/bin/../lib/gcc/arm-none-eabi/10.3.1/../../../../arm-none-eabi/lib/thumb/v7-m/nofp\libg.a(lib_a-isattyr.o)
                0x0800e070                _isatty_r
 .text.__locale_mb_cur_max
                0x0800e094        0xc d:/clion_stm32/gcc_arm_none_eabi/gcc-arm-none-eabi-10.3-2021.10/bin/../lib/gcc/arm-none-eabi/10.3.1/../../../../arm-none-eabi/lib/thumb/v7-m/nofp\libg.a(lib_a-locale.o)
                0x0800e094                __locale_mb_cur_max
 .text._lseek_r
                0x0800e0a0       0x2c d:/clion_stm32/gcc_arm_none_eabi/gcc-arm-none-eabi-10.3-2021.10/bin/../lib/gcc/arm-none-eabi/10.3.1/../../../../arm-none-eabi/lib/thumb/v7-m/nofp\libg.a(lib_a-lseekr.o)
                0x0800e0a0                _lseek_r
 .text.__ascii_mbtowc
                0x0800e0cc       0x2c d:/clion_stm32/gcc_arm_none_eabi/gcc-arm-none-eabi-10.3-2021.10/bin/../lib/gcc/arm-none-eabi/10.3.1/../../../../arm-none-eabi/lib/thumb/v7-m/nofp\libg.a(lib_a-mbtowc_r.o)
                0x0800e0cc                __ascii_mbtowc
 .text._read_r  0x0800e0f8       0x2c d:/clion_stm32/gcc_arm_none_eabi/gcc-arm-none-eabi-10.3-2021.10/bin/../lib/gcc/arm-none-eabi/10.3.1/../../../../arm-none-eabi/lib/thumb/v7-m/nofp\libg.a(lib_a-readr.o)
                0x0800e0f8                _read_r
 .text.__ssprint_r
                0x0800e124       0xfc d:/clion_stm32/gcc_arm_none_eabi/gcc-arm-none-eabi-10.3-2021.10/bin/../lib/gcc/arm-none-eabi/10.3.1/../../../../arm-none-eabi/lib/thumb/v7-m/nofp\libg.a(lib_a-svfiprintf.o)
                0x0800e124                __ssprint_r
 .text.__swbuf_r
                0x0800e220       0xb0 d:/clion_stm32/gcc_arm_none_eabi/gcc-arm-none-eabi-10.3-2021.10/bin/../lib/gcc/arm-none-eabi/10.3.1/../../../../arm-none-eabi/lib/thumb/v7-m/nofp\libg.a(lib_a-wbuf.o)
                0x0800e220                __swbuf_r
 .text._wcrtomb_r
                0x0800e2d0       0x3c d:/clion_stm32/gcc_arm_none_eabi/gcc-arm-none-eabi-10.3-2021.10/bin/../lib/gcc/arm-none-eabi/10.3.1/../../../../arm-none-eabi/lib/thumb/v7-m/nofp\libg.a(lib_a-wcrtomb.o)
                0x0800e2d0                _wcrtomb_r
 .text.__ascii_wctomb
                0x0800e30c       0x1c d:/clion_stm32/gcc_arm_none_eabi/gcc-arm-none-eabi-10.3-2021.10/bin/../lib/gcc/arm-none-eabi/10.3.1/../../../../arm-none-eabi/lib/thumb/v7-m/nofp\libg.a(lib_a-wctomb_r.o)
                0x0800e30c                __ascii_wctomb
 .text.abort    0x0800e328       0x10 d:/clion_stm32/gcc_arm_none_eabi/gcc-arm-none-eabi-10.3-2021.10/bin/../lib/gcc/arm-none-eabi/10.3.1/../../../../arm-none-eabi/lib/thumb/v7-m/nofp\libg.a(lib_a-abort.o)
                0x0800e328                abort
 .text.raise    0x0800e338       0x5c d:/clion_stm32/gcc_arm_none_eabi/gcc-arm-none-eabi-10.3-2021.10/bin/../lib/gcc/arm-none-eabi/10.3.1/../../../../arm-none-eabi/lib/thumb/v7-m/nofp\libg.a(lib_a-signal.o)
                0x0800e338                raise
 .text._kill_r  0x0800e394       0x28 d:/clion_stm32/gcc_arm_none_eabi/gcc-arm-none-eabi-10.3-2021.10/bin/../lib/gcc/arm-none-eabi/10.3.1/../../../../arm-none-eabi/lib/thumb/v7-m/nofp\libg.a(lib_a-signalr.o)
                0x0800e394                _kill_r
 .text._getpid_r
                0x0800e3bc        0x4 d:/clion_stm32/gcc_arm_none_eabi/gcc-arm-none-eabi-10.3-2021.10/bin/../lib/gcc/arm-none-eabi/10.3.1/../../../../arm-none-eabi/lib/thumb/v7-m/nofp\libg.a(lib_a-signalr.o)
                0x0800e3bc                _getpid_r
 .text.asin     0x0800e3c0       0x50 d:/clion_stm32/gcc_arm_none_eabi/gcc-arm-none-eabi-10.3-2021.10/bin/../lib/gcc/arm-none-eabi/10.3.1/../../../../arm-none-eabi/lib/thumb/v7-m/nofp\libm.a(lib_a-w_asin.o)
                0x0800e3c0                asin
 .text.atan2    0x0800e410        0x4 d:/clion_stm32/gcc_arm_none_eabi/gcc-arm-none-eabi-10.3-2021.10/bin/../lib/gcc/arm-none-eabi/10.3.1/../../../../arm-none-eabi/lib/thumb/v7-m/nofp\libm.a(lib_a-w_atan2.o)
                0x0800e410                atan2
 *fill*         0x0800e414        0x4 
 .text.__ieee754_asin
                0x0800e418      0x474 d:/clion_stm32/gcc_arm_none_eabi/gcc-arm-none-eabi-10.3-2021.10/bin/../lib/gcc/arm-none-eabi/10.3.1/../../../../arm-none-eabi/lib/thumb/v7-m/nofp\libm.a(lib_a-e_asin.o)
                0x0800e418                __ieee754_asin
 *fill*         0x0800e88c        0x4 
 .text.__ieee754_atan2
                0x0800e890      0x194 d:/clion_stm32/gcc_arm_none_eabi/gcc-arm-none-eabi-10.3-2021.10/bin/../lib/gcc/arm-none-eabi/10.3.1/../../../../arm-none-eabi/lib/thumb/v7-m/nofp\libm.a(lib_a-e_atan2.o)
                0x0800e890                __ieee754_atan2
 .text.__ieee754_sqrt
                0x0800ea24      0x18c d:/clion_stm32/gcc_arm_none_eabi/gcc-arm-none-eabi-10.3-2021.10/bin/../lib/gcc/arm-none-eabi/10.3.1/../../../../arm-none-eabi/lib/thumb/v7-m/nofp\libm.a(lib_a-e_sqrt.o)
                0x0800ea24                __ieee754_sqrt
 .text.atan     0x0800ebb0      0x31c d:/clion_stm32/gcc_arm_none_eabi/gcc-arm-none-eabi-10.3-2021.10/bin/../lib/gcc/arm-none-eabi/10.3.1/../../../../arm-none-eabi/lib/thumb/v7-m/nofp\libm.a(lib_a-s_atan.o)
                0x0800ebb0                atan
 .text.fabs     0x0800eecc        0x8 d:/clion_stm32/gcc_arm_none_eabi/gcc-arm-none-eabi-10.3-2021.10/bin/../lib/gcc/arm-none-eabi/10.3.1/../../../../arm-none-eabi/lib/thumb/v7-m/nofp\libm.a(lib_a-s_fabs.o)
                0x0800eecc                fabs
 .text.nan      0x0800eed4        0xc d:/clion_stm32/gcc_arm_none_eabi/gcc-arm-none-eabi-10.3-2021.10/bin/../lib/gcc/arm-none-eabi/10.3.1/../../../../arm-none-eabi/lib/thumb/v7-m/nofp\libm.a(lib_a-s_nan.o)
                0x0800eed4                nan
 *(.glue_7)
 .glue_7        0x0800eee0        0x0 linker stubs
 *(.glue_7t)
 .glue_7t       0x0800eee0        0x0 linker stubs
 *(.eh_frame)
 .eh_frame      0x0800eee0        0x0 d:/clion_stm32/gcc_arm_none_eabi/gcc-arm-none-eabi-10.3-2021.10/bin/../lib/gcc/arm-none-eabi/10.3.1/thumb/v7-m/nofp/crtbegin.o
 *(.init)
 .init          0x0800eee0        0x4 d:/clion_stm32/gcc_arm_none_eabi/gcc-arm-none-eabi-10.3-2021.10/bin/../lib/gcc/arm-none-eabi/10.3.1/thumb/v7-m/nofp/crti.o
                0x0800eee0                _init
 .init          0x0800eee4        0x8 d:/clion_stm32/gcc_arm_none_eabi/gcc-arm-none-eabi-10.3-2021.10/bin/../lib/gcc/arm-none-eabi/10.3.1/thumb/v7-m/nofp/crtn.o
 *(.fini)
 .fini          0x0800eeec        0x4 d:/clion_stm32/gcc_arm_none_eabi/gcc-arm-none-eabi-10.3-2021.10/bin/../lib/gcc/arm-none-eabi/10.3.1/thumb/v7-m/nofp/crti.o
                0x0800eeec                _fini
 .fini          0x0800eef0        0x8 d:/clion_stm32/gcc_arm_none_eabi/gcc-arm-none-eabi-10.3-2021.10/bin/../lib/gcc/arm-none-eabi/10.3.1/thumb/v7-m/nofp/crtn.o
                0x0800eef8                . = ALIGN (0x4)
                0x0800eef8                _etext = .

.vfp11_veneer   0x0800eef8        0x0
 .vfp11_veneer  0x0800eef8        0x0 linker stubs

.v4_bx          0x0800eef8        0x0
 .v4_bx         0x0800eef8        0x0 linker stubs

.iplt           0x0800eef8        0x0
 .iplt          0x0800eef8        0x0 d:/clion_stm32/gcc_arm_none_eabi/gcc-arm-none-eabi-10.3-2021.10/bin/../lib/gcc/arm-none-eabi/10.3.1/thumb/v7-m/nofp/crtbegin.o

.rodata         0x0800eef8     0x1198
                0x0800eef8                . = ALIGN (0x4)
 *(.rodata)
 *(.rodata*)
 .rodata.hw     0x0800eef8        0xc CMakeFiles/mpu6050.elf.dir/Core/MPU6050/inv_mpu.c.obj
                0x0800eef8                hw
 .rodata.reg    0x0800ef04       0x1e CMakeFiles/mpu6050.elf.dir/Core/MPU6050/inv_mpu.c.obj
                0x0800ef04                reg
 *fill*         0x0800ef22        0x2 
 .rodata.test   0x0800ef24       0x28 CMakeFiles/mpu6050.elf.dir/Core/MPU6050/inv_mpu.c.obj
                0x0800ef24                test
 .rodata.dmp_set_orientation.str1.4
                0x0800ef4c       0x10 CMakeFiles/mpu6050.elf.dir/Core/MPU6050/inv_mpu_dmp_motion_driver.c.obj
 .rodata.dmp_set_fifo_rate.str1.4
                0x0800ef5c        0xd CMakeFiles/mpu6050.elf.dir/Core/MPU6050/inv_mpu_dmp_motion_driver.c.obj
 *fill*         0x0800ef69        0x3 
 .rodata.dmp_enable_gyro_cal.str1.4
                0x0800ef6c       0x16 CMakeFiles/mpu6050.elf.dir/Core/MPU6050/inv_mpu_dmp_motion_driver.c.obj
 *fill*         0x0800ef82        0x2 
 .rodata.dmp_memory
                0x0800ef84      0xbf6 CMakeFiles/mpu6050.elf.dir/Core/MPU6050/inv_mpu_dmp_motion_driver.c.obj
 *fill*         0x0800fb7a        0x2 
 .rodata.main.str1.4
                0x0800fb7c       0x56 CMakeFiles/mpu6050.elf.dir/Core/Own/main.c.obj
 *fill*         0x0800fbd2        0x2 
 .rodata.AHBPrescTable
                0x0800fbd4       0x10 CMakeFiles/mpu6050.elf.dir/Core/Src/system_stm32f1xx.c.obj
                0x0800fbd4                AHBPrescTable
 .rodata.APBPrescTable
                0x0800fbe4        0x8 CMakeFiles/mpu6050.elf.dir/Core/Src/system_stm32f1xx.c.obj
                0x0800fbe4                APBPrescTable
 .rodata.aPLLMULFactorTable.1
                0x0800fbec       0x10 CMakeFiles/mpu6050.elf.dir/Drivers/STM32F1xx_HAL_Driver/Src/stm32f1xx_hal_rcc.c.obj
 .rodata.aPredivFactorTable.0
                0x0800fbfc        0x2 CMakeFiles/mpu6050.elf.dir/Drivers/STM32F1xx_HAL_Driver/Src/stm32f1xx_hal_rcc.c.obj
 *fill*         0x0800fbfe        0x2 
 .rodata._global_impure_ptr
                0x0800fc00        0x4 d:/clion_stm32/gcc_arm_none_eabi/gcc-arm-none-eabi-10.3-2021.10/bin/../lib/gcc/arm-none-eabi/10.3.1/../../../../arm-none-eabi/lib/thumb/v7-m/nofp\libg.a(lib_a-impure.o)
                0x0800fc00                _global_impure_ptr
 .rodata._puts_r.str1.4
                0x0800fc04       0x56 d:/clion_stm32/gcc_arm_none_eabi/gcc-arm-none-eabi-10.3-2021.10/bin/../lib/gcc/arm-none-eabi/10.3.1/../../../../arm-none-eabi/lib/thumb/v7-m/nofp\libg.a(lib_a-puts.o)
                                  0x2 (size before relaxing)
 .rodata._vfprintf_r.str1.4
                0x0800fc04       0x42 d:/clion_stm32/gcc_arm_none_eabi/gcc-arm-none-eabi-10.3-2021.10/bin/../lib/gcc/arm-none-eabi/10.3.1/../../../../arm-none-eabi/lib/thumb/v7-m/nofp\libg.a(lib_a-vfprintf.o)
 *fill*         0x0800fc46        0x2 
 .rodata.blanks.1
                0x0800fc48       0x10 d:/clion_stm32/gcc_arm_none_eabi/gcc-arm-none-eabi-10.3-2021.10/bin/../lib/gcc/arm-none-eabi/10.3.1/../../../../arm-none-eabi/lib/thumb/v7-m/nofp\libg.a(lib_a-vfprintf.o)
 .rodata.zeroes.0
                0x0800fc58       0x10 d:/clion_stm32/gcc_arm_none_eabi/gcc-arm-none-eabi-10.3-2021.10/bin/../lib/gcc/arm-none-eabi/10.3.1/../../../../arm-none-eabi/lib/thumb/v7-m/nofp\libg.a(lib_a-vfprintf.o)
 .rodata._dtoa_r.str1.4
                0x0800fc68       0xa2 d:/clion_stm32/gcc_arm_none_eabi/gcc-arm-none-eabi-10.3-2021.10/bin/../lib/gcc/arm-none-eabi/10.3.1/../../../../arm-none-eabi/lib/thumb/v7-m/nofp\libg.a(lib_a-dtoa.o)
                                 0xa6 (size before relaxing)
 *fill*         0x0800fd0a        0x2 
 .rodata.__multadd.str1.4
                0x0800fd0c       0x7f d:/clion_stm32/gcc_arm_none_eabi/gcc-arm-none-eabi-10.3-2021.10/bin/../lib/gcc/arm-none-eabi/10.3.1/../../../../arm-none-eabi/lib/thumb/v7-m/nofp\libg.a(lib_a-mprec.o)
                                 0x93 (size before relaxing)
 *fill*         0x0800fd8b        0x5 
 .rodata.__mprec_bigtens
                0x0800fd90       0x28 d:/clion_stm32/gcc_arm_none_eabi/gcc-arm-none-eabi-10.3-2021.10/bin/../lib/gcc/arm-none-eabi/10.3.1/../../../../arm-none-eabi/lib/thumb/v7-m/nofp\libg.a(lib_a-mprec.o)
                0x0800fd90                __mprec_bigtens
 .rodata.__mprec_tens
                0x0800fdb8       0xc8 d:/clion_stm32/gcc_arm_none_eabi/gcc-arm-none-eabi-10.3-2021.10/bin/../lib/gcc/arm-none-eabi/10.3.1/../../../../arm-none-eabi/lib/thumb/v7-m/nofp\libg.a(lib_a-mprec.o)
                0x0800fdb8                __mprec_tens
 .rodata.p05.0  0x0800fe80        0xc d:/clion_stm32/gcc_arm_none_eabi/gcc-arm-none-eabi-10.3-2021.10/bin/../lib/gcc/arm-none-eabi/10.3.1/../../../../arm-none-eabi/lib/thumb/v7-m/nofp\libg.a(lib_a-mprec.o)
 .rodata._svfprintf_r.str1.4
                0x0800fe8c       0x42 d:/clion_stm32/gcc_arm_none_eabi/gcc-arm-none-eabi-10.3-2021.10/bin/../lib/gcc/arm-none-eabi/10.3.1/../../../../arm-none-eabi/lib/thumb/v7-m/nofp\libg.a(lib_a-svfprintf.o)
 .rodata.blanks.1
                0x0800fe8c       0x10 d:/clion_stm32/gcc_arm_none_eabi/gcc-arm-none-eabi-10.3-2021.10/bin/../lib/gcc/arm-none-eabi/10.3.1/../../../../arm-none-eabi/lib/thumb/v7-m/nofp\libg.a(lib_a-svfprintf.o)
 .rodata.zeroes.0
                0x0800fe9c       0x10 d:/clion_stm32/gcc_arm_none_eabi/gcc-arm-none-eabi-10.3-2021.10/bin/../lib/gcc/arm-none-eabi/10.3.1/../../../../arm-none-eabi/lib/thumb/v7-m/nofp\libg.a(lib_a-svfprintf.o)
 .rodata._vfiprintf_r.str1.4
                0x0800feac       0x2f d:/clion_stm32/gcc_arm_none_eabi/gcc-arm-none-eabi-10.3-2021.10/bin/../lib/gcc/arm-none-eabi/10.3.1/../../../../arm-none-eabi/lib/thumb/v7-m/nofp\libg.a(lib_a-vfiprintf.o)
 .rodata.blanks.1
                0x0800feac       0x10 d:/clion_stm32/gcc_arm_none_eabi/gcc-arm-none-eabi-10.3-2021.10/bin/../lib/gcc/arm-none-eabi/10.3.1/../../../../arm-none-eabi/lib/thumb/v7-m/nofp\libg.a(lib_a-vfiprintf.o)
 .rodata.zeroes.0
                0x0800febc       0x10 d:/clion_stm32/gcc_arm_none_eabi/gcc-arm-none-eabi-10.3-2021.10/bin/../lib/gcc/arm-none-eabi/10.3.1/../../../../arm-none-eabi/lib/thumb/v7-m/nofp\libg.a(lib_a-vfiprintf.o)
 .rodata.__assert_func.str1.4
                0x0800fecc       0x3f d:/clion_stm32/gcc_arm_none_eabi/gcc-arm-none-eabi-10.3-2021.10/bin/../lib/gcc/arm-none-eabi/10.3.1/../../../../arm-none-eabi/lib/thumb/v7-m/nofp\libg.a(lib_a-assert.o)
                                 0x43 (size before relaxing)
 *fill*         0x0800ff0b        0x1 
 .rodata._setlocale_r.str1.4
                0x0800ff0c        0xa d:/clion_stm32/gcc_arm_none_eabi/gcc-arm-none-eabi-10.3-2021.10/bin/../lib/gcc/arm-none-eabi/10.3.1/../../../../arm-none-eabi/lib/thumb/v7-m/nofp\libg.a(lib_a-locale.o)
                                  0xd (size before relaxing)
 *fill*         0x0800ff16        0x2 
 .rodata.str1.4
                0x0800ff18        0x2 d:/clion_stm32/gcc_arm_none_eabi/gcc-arm-none-eabi-10.3-2021.10/bin/../lib/gcc/arm-none-eabi/10.3.1/../../../../arm-none-eabi/lib/thumb/v7-m/nofp\libg.a(lib_a-locale.o)
 *fill*         0x0800ff1a        0x2 
 .rodata._ctype_
                0x0800ff1c      0x101 d:/clion_stm32/gcc_arm_none_eabi/gcc-arm-none-eabi-10.3-2021.10/bin/../lib/gcc/arm-none-eabi/10.3.1/../../../../arm-none-eabi/lib/thumb/v7-m/nofp\libg.a(lib_a-ctype_.o)
                0x0800ff1c                _ctype_
 .rodata.asin.str1.4
                0x0801001d        0x1 d:/clion_stm32/gcc_arm_none_eabi/gcc-arm-none-eabi-10.3-2021.10/bin/../lib/gcc/arm-none-eabi/10.3.1/../../../../arm-none-eabi/lib/thumb/v7-m/nofp\libm.a(lib_a-w_asin.o)
 *fill*         0x0801001d        0x3 
 .rodata.CSWTCH.8
                0x08010020       0x18 d:/clion_stm32/gcc_arm_none_eabi/gcc-arm-none-eabi-10.3-2021.10/bin/../lib/gcc/arm-none-eabi/10.3.1/../../../../arm-none-eabi/lib/thumb/v7-m/nofp\libm.a(lib_a-e_atan2.o)
 .rodata.CSWTCH.9
                0x08010038       0x18 d:/clion_stm32/gcc_arm_none_eabi/gcc-arm-none-eabi-10.3-2021.10/bin/../lib/gcc/arm-none-eabi/10.3.1/../../../../arm-none-eabi/lib/thumb/v7-m/nofp\libm.a(lib_a-e_atan2.o)
 .rodata.atanhi
                0x08010050       0x20 d:/clion_stm32/gcc_arm_none_eabi/gcc-arm-none-eabi-10.3-2021.10/bin/../lib/gcc/arm-none-eabi/10.3.1/../../../../arm-none-eabi/lib/thumb/v7-m/nofp\libm.a(lib_a-s_atan.o)
 .rodata.atanlo
                0x08010070       0x20 d:/clion_stm32/gcc_arm_none_eabi/gcc-arm-none-eabi-10.3-2021.10/bin/../lib/gcc/arm-none-eabi/10.3.1/../../../../arm-none-eabi/lib/thumb/v7-m/nofp\libm.a(lib_a-s_atan.o)
                0x08010090                . = ALIGN (0x4)

.ARM.extab      0x08010090        0x0
                0x08010090                . = ALIGN (0x4)
 *(.ARM.extab* .gnu.linkonce.armextab.*)
                0x08010090                . = ALIGN (0x4)

.ARM            0x08010090        0x8
                0x08010090                . = ALIGN (0x4)
                0x08010090                __exidx_start = .
 *(.ARM.exidx*)
 .ARM.exidx     0x08010090        0x8 d:/clion_stm32/gcc_arm_none_eabi/gcc-arm-none-eabi-10.3-2021.10/bin/../lib/gcc/arm-none-eabi/10.3.1/thumb/v7-m/nofp\libgcc.a(_udivmoddi4.o)
                0x08010098                __exidx_end = .
                0x08010098                . = ALIGN (0x4)

.rel.dyn        0x08010098        0x0
 .rel.iplt      0x08010098        0x0 d:/clion_stm32/gcc_arm_none_eabi/gcc-arm-none-eabi-10.3-2021.10/bin/../lib/gcc/arm-none-eabi/10.3.1/thumb/v7-m/nofp/crtbegin.o

.preinit_array  0x08010098        0x0
                0x08010098                . = ALIGN (0x4)
                0x08010098                PROVIDE (__preinit_array_start = .)
 *(.preinit_array*)
                0x08010098                PROVIDE (__preinit_array_end = .)
                0x08010098                . = ALIGN (0x4)

.init_array     0x08010098        0x8
                0x08010098                . = ALIGN (0x4)
                0x08010098                PROVIDE (__init_array_start = .)
 *(SORT_BY_NAME(.init_array.*))
 .init_array.00000
                0x08010098        0x4 d:/clion_stm32/gcc_arm_none_eabi/gcc-arm-none-eabi-10.3-2021.10/bin/../lib/gcc/arm-none-eabi/10.3.1/../../../../arm-none-eabi/lib/thumb/v7-m/nofp\libg.a(lib_a-__call_atexit.o)
 *(.init_array*)
 .init_array    0x0801009c        0x4 d:/clion_stm32/gcc_arm_none_eabi/gcc-arm-none-eabi-10.3-2021.10/bin/../lib/gcc/arm-none-eabi/10.3.1/thumb/v7-m/nofp/crtbegin.o
                0x080100a0                PROVIDE (__init_array_end = .)
                0x080100a0                . = ALIGN (0x4)

.fini_array     0x080100a0        0x4
                0x080100a0                . = ALIGN (0x4)
                0x080100a0                PROVIDE (__fini_array_start = .)
 *(SORT_BY_NAME(.fini_array.*))
 *(.fini_array*)
 .fini_array    0x080100a0        0x4 d:/clion_stm32/gcc_arm_none_eabi/gcc-arm-none-eabi-10.3-2021.10/bin/../lib/gcc/arm-none-eabi/10.3.1/thumb/v7-m/nofp/crtbegin.o
                0x080100a4                PROVIDE (__fini_array_end = .)
                0x080100a4                . = ALIGN (0x4)
                0x080100a4                _sidata = LOADADDR (.data)

.data           0x20000000      0x9f0 load address 0x080100a4
                0x20000000                . = ALIGN (0x4)
                0x20000000                _sdata = .
 *(.data)
 *(.data*)
 .data.gyro_orientation
                0x20000000        0x9 CMakeFiles/mpu6050.elf.dir/Core/MPU6050/MPU6050.c.obj
 *fill*         0x20000009        0x3 
 .data.st       0x2000000c       0x2c CMakeFiles/mpu6050.elf.dir/Core/MPU6050/inv_mpu.c.obj
 .data.SystemCoreClock
                0x20000038        0x4 CMakeFiles/mpu6050.elf.dir/Core/Src/system_stm32f1xx.c.obj
                0x20000038                SystemCoreClock
 .data.uwTickFreq
                0x2000003c        0x1 CMakeFiles/mpu6050.elf.dir/Drivers/STM32F1xx_HAL_Driver/Src/stm32f1xx_hal.c.obj
                0x2000003c                uwTickFreq
 *fill*         0x2000003d        0x3 
 .data.uwTickPrio
                0x20000040        0x4 CMakeFiles/mpu6050.elf.dir/Drivers/STM32F1xx_HAL_Driver/Src/stm32f1xx_hal.c.obj
                0x20000040                uwTickPrio
 .data._impure_ptr
                0x20000044        0x4 d:/clion_stm32/gcc_arm_none_eabi/gcc-arm-none-eabi-10.3-2021.10/bin/../lib/gcc/arm-none-eabi/10.3.1/../../../../arm-none-eabi/lib/thumb/v7-m/nofp\libg.a(lib_a-impure.o)
                0x20000044                _impure_ptr
 .data.impure_data
                0x20000048      0x428 d:/clion_stm32/gcc_arm_none_eabi/gcc-arm-none-eabi-10.3-2021.10/bin/../lib/gcc/arm-none-eabi/10.3.1/../../../../arm-none-eabi/lib/thumb/v7-m/nofp\libg.a(lib_a-impure.o)
 .data.__atexit_recursive_mutex
                0x20000470        0x4 d:/clion_stm32/gcc_arm_none_eabi/gcc-arm-none-eabi-10.3-2021.10/bin/../lib/gcc/arm-none-eabi/10.3.1/../../../../arm-none-eabi/lib/thumb/v7-m/nofp\libg.a(lib_a-__call_atexit.o)
                0x20000470                __atexit_recursive_mutex
 .data.__malloc_av_
                0x20000474      0x408 d:/clion_stm32/gcc_arm_none_eabi/gcc-arm-none-eabi-10.3-2021.10/bin/../lib/gcc/arm-none-eabi/10.3.1/../../../../arm-none-eabi/lib/thumb/v7-m/nofp\libg.a(lib_a-mallocr.o)
                0x20000474                __malloc_av_
 .data.__malloc_sbrk_base
                0x2000087c        0x4 d:/clion_stm32/gcc_arm_none_eabi/gcc-arm-none-eabi-10.3-2021.10/bin/../lib/gcc/arm-none-eabi/10.3.1/../../../../arm-none-eabi/lib/thumb/v7-m/nofp\libg.a(lib_a-mallocr.o)
                0x2000087c                __malloc_sbrk_base
 .data.__malloc_trim_threshold
                0x20000880        0x4 d:/clion_stm32/gcc_arm_none_eabi/gcc-arm-none-eabi-10.3-2021.10/bin/../lib/gcc/arm-none-eabi/10.3.1/../../../../arm-none-eabi/lib/thumb/v7-m/nofp\libg.a(lib_a-mallocr.o)
                0x20000880                __malloc_trim_threshold
 .data.__global_locale
                0x20000884      0x16c d:/clion_stm32/gcc_arm_none_eabi/gcc-arm-none-eabi-10.3-2021.10/bin/../lib/gcc/arm-none-eabi/10.3.1/../../../../arm-none-eabi/lib/thumb/v7-m/nofp\libg.a(lib_a-locale.o)
                0x20000884                __global_locale
 *(.RamFunc)
 *(.RamFunc*)
                0x200009f0                . = ALIGN (0x4)
                0x200009f0                _edata = .

.igot.plt       0x200009f0        0x0 load address 0x08010a94
 .igot.plt      0x200009f0        0x0 d:/clion_stm32/gcc_arm_none_eabi/gcc-arm-none-eabi-10.3-2021.10/bin/../lib/gcc/arm-none-eabi/10.3.1/thumb/v7-m/nofp/crtbegin.o
                0x200009f0                . = ALIGN (0x4)

.bss            0x200009f0      0x1a0 load address 0x08010a94
                0x200009f0                _sbss = .
                0x200009f0                __bss_start__ = _sbss
 *(.bss)
 .bss           0x200009f0       0x1c d:/clion_stm32/gcc_arm_none_eabi/gcc-arm-none-eabi-10.3-2021.10/bin/../lib/gcc/arm-none-eabi/10.3.1/thumb/v7-m/nofp/crtbegin.o
 *(.bss*)
 .bss.dmp       0x20000a0c       0x10 CMakeFiles/mpu6050.elf.dir/Core/MPU6050/inv_mpu_dmp_motion_driver.c.obj
 .bss.hi2c1     0x20000a1c       0x54 CMakeFiles/mpu6050.elf.dir/Core/Src/i2c.c.obj
                0x20000a1c                hi2c1
 .bss.__sbrk_heap_end
                0x20000a70        0x4 CMakeFiles/mpu6050.elf.dir/Core/Src/sysmem.c.obj
 .bss.hdma_usart1_rx
                0x20000a74       0x44 CMakeFiles/mpu6050.elf.dir/Core/Src/usart.c.obj
                0x20000a74                hdma_usart1_rx
 .bss.hdma_usart1_tx
                0x20000ab8       0x44 CMakeFiles/mpu6050.elf.dir/Core/Src/usart.c.obj
                0x20000ab8                hdma_usart1_tx
 .bss.huart1    0x20000afc       0x48 CMakeFiles/mpu6050.elf.dir/Core/Src/usart.c.obj
                0x20000afc                huart1
 .bss.uwTick    0x20000b44        0x4 CMakeFiles/mpu6050.elf.dir/Drivers/STM32F1xx_HAL_Driver/Src/stm32f1xx_hal.c.obj
                0x20000b44                uwTick
 .bss.__lock___atexit_recursive_mutex
                0x20000b48        0x1 d:/clion_stm32/gcc_arm_none_eabi/gcc-arm-none-eabi-10.3-2021.10/bin/../lib/gcc/arm-none-eabi/10.3.1/../../../../arm-none-eabi/lib/thumb/v7-m/nofp\libg.a(lib_a-lock.o)
                0x20000b48                __lock___atexit_recursive_mutex
 *fill*         0x20000b49        0x3 
 .bss.__lock___malloc_recursive_mutex
                0x20000b4c        0x1 d:/clion_stm32/gcc_arm_none_eabi/gcc-arm-none-eabi-10.3-2021.10/bin/../lib/gcc/arm-none-eabi/10.3.1/../../../../arm-none-eabi/lib/thumb/v7-m/nofp\libg.a(lib_a-lock.o)
                0x20000b4c                __lock___malloc_recursive_mutex
 *fill*         0x20000b4d        0x3 
 .bss.__lock___sfp_recursive_mutex
                0x20000b50        0x1 d:/clion_stm32/gcc_arm_none_eabi/gcc-arm-none-eabi-10.3-2021.10/bin/../lib/gcc/arm-none-eabi/10.3.1/../../../../arm-none-eabi/lib/thumb/v7-m/nofp\libg.a(lib_a-lock.o)
                0x20000b50                __lock___sfp_recursive_mutex
 *fill*         0x20000b51        0x3 
 .bss.__lock___sinit_recursive_mutex
                0x20000b54        0x1 d:/clion_stm32/gcc_arm_none_eabi/gcc-arm-none-eabi-10.3-2021.10/bin/../lib/gcc/arm-none-eabi/10.3.1/../../../../arm-none-eabi/lib/thumb/v7-m/nofp\libg.a(lib_a-lock.o)
                0x20000b54                __lock___sinit_recursive_mutex
 *fill*         0x20000b55        0x3 
 .bss.__malloc_current_mallinfo
                0x20000b58       0x28 d:/clion_stm32/gcc_arm_none_eabi/gcc-arm-none-eabi-10.3-2021.10/bin/../lib/gcc/arm-none-eabi/10.3.1/../../../../arm-none-eabi/lib/thumb/v7-m/nofp\libg.a(lib_a-mallocr.o)
                0x20000b58                __malloc_current_mallinfo
 .bss.__malloc_max_sbrked_mem
                0x20000b80        0x4 d:/clion_stm32/gcc_arm_none_eabi/gcc-arm-none-eabi-10.3-2021.10/bin/../lib/gcc/arm-none-eabi/10.3.1/../../../../arm-none-eabi/lib/thumb/v7-m/nofp\libg.a(lib_a-mallocr.o)
                0x20000b80                __malloc_max_sbrked_mem
 .bss.__malloc_max_total_mem
                0x20000b84        0x4 d:/clion_stm32/gcc_arm_none_eabi/gcc-arm-none-eabi-10.3-2021.10/bin/../lib/gcc/arm-none-eabi/10.3.1/../../../../arm-none-eabi/lib/thumb/v7-m/nofp\libg.a(lib_a-mallocr.o)
                0x20000b84                __malloc_max_total_mem
 .bss.__malloc_top_pad
                0x20000b88        0x4 d:/clion_stm32/gcc_arm_none_eabi/gcc-arm-none-eabi-10.3-2021.10/bin/../lib/gcc/arm-none-eabi/10.3.1/../../../../arm-none-eabi/lib/thumb/v7-m/nofp\libg.a(lib_a-mallocr.o)
                0x20000b88                __malloc_top_pad
 .bss.errno     0x20000b8c        0x4 d:/clion_stm32/gcc_arm_none_eabi/gcc-arm-none-eabi-10.3-2021.10/bin/../lib/gcc/arm-none-eabi/10.3.1/../../../../arm-none-eabi/lib/thumb/v7-m/nofp\libg.a(lib_a-reent.o)
                0x20000b8c                errno
 *(COMMON)
                0x20000b90                . = ALIGN (0x4)
                0x20000b90                _ebss = .
                0x20000b90                __bss_end__ = _ebss

._user_heap_stack
                0x20000b90      0x600 load address 0x08010a94
                0x20000b90                . = ALIGN (0x8)
                [!provide]                PROVIDE (end = .)
                0x20000b90                PROVIDE (_end = .)
                0x20000d90                . = (. + _Min_Heap_Size)
 *fill*         0x20000b90      0x200 
                0x20001190                . = (. + _Min_Stack_Size)
 *fill*         0x20000d90      0x400 
                0x20001190                . = ALIGN (0x8)

/DISCARD/
 libc.a(*)
 libm.a(*)
 libgcc.a(*)

.ARM.attributes
                0x00000000       0x29
 *(.ARM.attributes)
 .ARM.attributes
                0x00000000       0x1d d:/clion_stm32/gcc_arm_none_eabi/gcc-arm-none-eabi-10.3-2021.10/bin/../lib/gcc/arm-none-eabi/10.3.1/thumb/v7-m/nofp/crti.o
 .ARM.attributes
                0x0000001d       0x2d d:/clion_stm32/gcc_arm_none_eabi/gcc-arm-none-eabi-10.3-2021.10/bin/../lib/gcc/arm-none-eabi/10.3.1/thumb/v7-m/nofp/crtbegin.o
 .ARM.attributes
                0x0000004a       0x2d CMakeFiles/mpu6050.elf.dir/Core/MPU6050/MPU6050.c.obj
 .ARM.attributes
                0x00000077       0x2d CMakeFiles/mpu6050.elf.dir/Core/MPU6050/inv_mpu.c.obj
 .ARM.attributes
                0x000000a4       0x2d CMakeFiles/mpu6050.elf.dir/Core/MPU6050/inv_mpu_dmp_motion_driver.c.obj
 .ARM.attributes
                0x000000d1       0x2d CMakeFiles/mpu6050.elf.dir/Core/Own/main.c.obj
 .ARM.attributes
                0x000000fe       0x2d CMakeFiles/mpu6050.elf.dir/Core/Own/uart.c.obj
 .ARM.attributes
                0x0000012b       0x2d CMakeFiles/mpu6050.elf.dir/Core/Src/dma.c.obj
 .ARM.attributes
                0x00000158       0x2d CMakeFiles/mpu6050.elf.dir/Core/Src/gpio.c.obj
 .ARM.attributes
                0x00000185       0x2d CMakeFiles/mpu6050.elf.dir/Core/Src/i2c.c.obj
 .ARM.attributes
                0x000001b2       0x2d CMakeFiles/mpu6050.elf.dir/Core/Src/stm32f1xx_hal_msp.c.obj
 .ARM.attributes
                0x000001df       0x2d CMakeFiles/mpu6050.elf.dir/Core/Src/stm32f1xx_it.c.obj
 .ARM.attributes
                0x0000020c       0x2d CMakeFiles/mpu6050.elf.dir/Core/Src/syscalls.c.obj
 .ARM.attributes
                0x00000239       0x2d CMakeFiles/mpu6050.elf.dir/Core/Src/sysmem.c.obj
 .ARM.attributes
                0x00000266       0x2d CMakeFiles/mpu6050.elf.dir/Core/Src/system_stm32f1xx.c.obj
 .ARM.attributes
                0x00000293       0x2d CMakeFiles/mpu6050.elf.dir/Core/Src/usart.c.obj
 .ARM.attributes
                0x000002c0       0x21 CMakeFiles/mpu6050.elf.dir/Core/Startup/startup_stm32f103rctx.s.obj
 .ARM.attributes
                0x000002e1       0x2d CMakeFiles/mpu6050.elf.dir/Drivers/STM32F1xx_HAL_Driver/Src/stm32f1xx_hal.c.obj
 .ARM.attributes
                0x0000030e       0x2d CMakeFiles/mpu6050.elf.dir/Drivers/STM32F1xx_HAL_Driver/Src/stm32f1xx_hal_cortex.c.obj
 .ARM.attributes
                0x0000033b       0x2d CMakeFiles/mpu6050.elf.dir/Drivers/STM32F1xx_HAL_Driver/Src/stm32f1xx_hal_dma.c.obj
 .ARM.attributes
                0x00000368       0x2d CMakeFiles/mpu6050.elf.dir/Drivers/STM32F1xx_HAL_Driver/Src/stm32f1xx_hal_gpio.c.obj
 .ARM.attributes
                0x00000395       0x2d CMakeFiles/mpu6050.elf.dir/Drivers/STM32F1xx_HAL_Driver/Src/stm32f1xx_hal_i2c.c.obj
 .ARM.attributes
                0x000003c2       0x2d CMakeFiles/mpu6050.elf.dir/Drivers/STM32F1xx_HAL_Driver/Src/stm32f1xx_hal_rcc.c.obj
 .ARM.attributes
                0x000003ef       0x2d CMakeFiles/mpu6050.elf.dir/Drivers/STM32F1xx_HAL_Driver/Src/stm32f1xx_hal_uart.c.obj
 .ARM.attributes
                0x0000041c       0x1d d:/clion_stm32/gcc_arm_none_eabi/gcc-arm-none-eabi-10.3-2021.10/bin/../lib/gcc/arm-none-eabi/10.3.1/thumb/v7-m/nofp\libgcc.a(_arm_addsubdf3.o)
 .ARM.attributes
                0x00000439       0x1d d:/clion_stm32/gcc_arm_none_eabi/gcc-arm-none-eabi-10.3-2021.10/bin/../lib/gcc/arm-none-eabi/10.3.1/thumb/v7-m/nofp\libgcc.a(_arm_truncdfsf2.o)
 .ARM.attributes
                0x00000456       0x1d d:/clion_stm32/gcc_arm_none_eabi/gcc-arm-none-eabi-10.3-2021.10/bin/../lib/gcc/arm-none-eabi/10.3.1/thumb/v7-m/nofp\libgcc.a(_arm_addsubsf3.o)
 .ARM.attributes
                0x00000473       0x1d d:/clion_stm32/gcc_arm_none_eabi/gcc-arm-none-eabi-10.3-2021.10/bin/../lib/gcc/arm-none-eabi/10.3.1/thumb/v7-m/nofp\libgcc.a(_arm_muldivsf3.o)
 .ARM.attributes
                0x00000490       0x1d d:/clion_stm32/gcc_arm_none_eabi/gcc-arm-none-eabi-10.3-2021.10/bin/../lib/gcc/arm-none-eabi/10.3.1/thumb/v7-m/nofp\libgcc.a(_arm_cmpsf2.o)
 .ARM.attributes
                0x000004ad       0x1d d:/clion_stm32/gcc_arm_none_eabi/gcc-arm-none-eabi-10.3-2021.10/bin/../lib/gcc/arm-none-eabi/10.3.1/thumb/v7-m/nofp\libgcc.a(_arm_fixsfsi.o)
 .ARM.attributes
                0x000004ca       0x1d d:/clion_stm32/gcc_arm_none_eabi/gcc-arm-none-eabi-10.3-2021.10/bin/../lib/gcc/arm-none-eabi/10.3.1/thumb/v7-m/nofp\libgcc.a(_arm_fixunssfsi.o)
 .ARM.attributes
                0x000004e7       0x1d d:/clion_stm32/gcc_arm_none_eabi/gcc-arm-none-eabi-10.3-2021.10/bin/../lib/gcc/arm-none-eabi/10.3.1/thumb/v7-m/nofp\libgcc.a(_aeabi_ldivmod.o)
 .ARM.attributes
                0x00000504       0x2d d:/clion_stm32/gcc_arm_none_eabi/gcc-arm-none-eabi-10.3-2021.10/bin/../lib/gcc/arm-none-eabi/10.3.1/thumb/v7-m/nofp\libgcc.a(_udivmoddi4.o)
 .ARM.attributes
                0x00000531       0x1d d:/clion_stm32/gcc_arm_none_eabi/gcc-arm-none-eabi-10.3-2021.10/bin/../lib/gcc/arm-none-eabi/10.3.1/thumb/v7-m/nofp\libgcc.a(_dvmd_tls.o)
 .ARM.attributes
                0x0000054e       0x2d d:/clion_stm32/gcc_arm_none_eabi/gcc-arm-none-eabi-10.3-2021.10/bin/../lib/gcc/arm-none-eabi/10.3.1/../../../../arm-none-eabi/lib/thumb/v7-m/nofp\libg.a(lib_a-errno.o)
 .ARM.attributes
                0x0000057b       0x2d d:/clion_stm32/gcc_arm_none_eabi/gcc-arm-none-eabi-10.3-2021.10/bin/../lib/gcc/arm-none-eabi/10.3.1/../../../../arm-none-eabi/lib/thumb/v7-m/nofp\libg.a(lib_a-impure.o)
 .ARM.attributes
                0x000005a8       0x2d d:/clion_stm32/gcc_arm_none_eabi/gcc-arm-none-eabi-10.3-2021.10/bin/../lib/gcc/arm-none-eabi/10.3.1/../../../../arm-none-eabi/lib/thumb/v7-m/nofp\libg.a(lib_a-init.o)
 .ARM.attributes
                0x000005d5       0x2d d:/clion_stm32/gcc_arm_none_eabi/gcc-arm-none-eabi-10.3-2021.10/bin/../lib/gcc/arm-none-eabi/10.3.1/../../../../arm-none-eabi/lib/thumb/v7-m/nofp\libg.a(lib_a-memcmp.o)
 .ARM.attributes
                0x00000602       0x2d d:/clion_stm32/gcc_arm_none_eabi/gcc-arm-none-eabi-10.3-2021.10/bin/../lib/gcc/arm-none-eabi/10.3.1/../../../../arm-none-eabi/lib/thumb/v7-m/nofp\libg.a(lib_a-memset.o)
 .ARM.attributes
                0x0000062f       0x2d d:/clion_stm32/gcc_arm_none_eabi/gcc-arm-none-eabi-10.3-2021.10/bin/../lib/gcc/arm-none-eabi/10.3.1/../../../../arm-none-eabi/lib/thumb/v7-m/nofp\libg.a(lib_a-printf.o)
 .ARM.attributes
                0x0000065c       0x2d d:/clion_stm32/gcc_arm_none_eabi/gcc-arm-none-eabi-10.3-2021.10/bin/../lib/gcc/arm-none-eabi/10.3.1/../../../../arm-none-eabi/lib/thumb/v7-m/nofp\libg.a(lib_a-puts.o)
 .ARM.attributes
                0x00000689       0x2d d:/clion_stm32/gcc_arm_none_eabi/gcc-arm-none-eabi-10.3-2021.10/bin/../lib/gcc/arm-none-eabi/10.3.1/../../../../arm-none-eabi/lib/thumb/v7-m/nofp\libg.a(lib_a-strlen-stub.o)
 .ARM.attributes
                0x000006b6       0x2d d:/clion_stm32/gcc_arm_none_eabi/gcc-arm-none-eabi-10.3-2021.10/bin/../lib/gcc/arm-none-eabi/10.3.1/../../../../arm-none-eabi/lib/thumb/v7-m/nofp\libg.a(lib_a-vfprintf.o)
 .ARM.attributes
                0x000006e3       0x2d d:/clion_stm32/gcc_arm_none_eabi/gcc-arm-none-eabi-10.3-2021.10/bin/../lib/gcc/arm-none-eabi/10.3.1/../../../../arm-none-eabi/lib/thumb/v7-m/nofp\libg.a(lib_a-vsprintf.o)
 .ARM.attributes
                0x00000710       0x2d d:/clion_stm32/gcc_arm_none_eabi/gcc-arm-none-eabi-10.3-2021.10/bin/../lib/gcc/arm-none-eabi/10.3.1/../../../../arm-none-eabi/lib/thumb/v7-m/nofp\libg.a(lib_a-wsetup.o)
 .ARM.attributes
                0x0000073d       0x2d d:/clion_stm32/gcc_arm_none_eabi/gcc-arm-none-eabi-10.3-2021.10/bin/../lib/gcc/arm-none-eabi/10.3.1/../../../../arm-none-eabi/lib/thumb/v7-m/nofp\libg.a(lib_a-__call_atexit.o)
 .ARM.attributes
                0x0000076a       0x2d d:/clion_stm32/gcc_arm_none_eabi/gcc-arm-none-eabi-10.3-2021.10/bin/../lib/gcc/arm-none-eabi/10.3.1/../../../../arm-none-eabi/lib/thumb/v7-m/nofp\libg.a(lib_a-atexit.o)
 .ARM.attributes
                0x00000797       0x2d d:/clion_stm32/gcc_arm_none_eabi/gcc-arm-none-eabi-10.3-2021.10/bin/../lib/gcc/arm-none-eabi/10.3.1/../../../../arm-none-eabi/lib/thumb/v7-m/nofp\libg.a(lib_a-dtoa.o)
 .ARM.attributes
                0x000007c4       0x2d d:/clion_stm32/gcc_arm_none_eabi/gcc-arm-none-eabi-10.3-2021.10/bin/../lib/gcc/arm-none-eabi/10.3.1/../../../../arm-none-eabi/lib/thumb/v7-m/nofp\libg.a(lib_a-fflush.o)
 .ARM.attributes
                0x000007f1       0x2d d:/clion_stm32/gcc_arm_none_eabi/gcc-arm-none-eabi-10.3-2021.10/bin/../lib/gcc/arm-none-eabi/10.3.1/../../../../arm-none-eabi/lib/thumb/v7-m/nofp\libg.a(lib_a-findfp.o)
 .ARM.attributes
                0x0000081e       0x2d d:/clion_stm32/gcc_arm_none_eabi/gcc-arm-none-eabi-10.3-2021.10/bin/../lib/gcc/arm-none-eabi/10.3.1/../../../../arm-none-eabi/lib/thumb/v7-m/nofp\libg.a(lib_a-fini.o)
 .ARM.attributes